Archive member included to satisfy reference by file (symbol)

d:/stm32cubeide_1.7.0/stm32cubeide/plugins/com.st.stm32cube.ide.mcu.externaltools.gnu-tools-for-stm32.9-2020-q2-update.win32_2.0.0.202105311346/tools/bin/../lib/gcc/arm-none-eabi/9.3.1/../../../../arm-none-eabi/lib/thumb/v7-m/nofp\libc_nano.a(lib_a-errno.o)
                              ./Core/Src/syscalls.o (__errno)
d:/stm32cubeide_1.7.0/stm32cubeide/plugins/com.st.stm32cube.ide.mcu.externaltools.gnu-tools-for-stm32.9-2020-q2-update.win32_2.0.0.202105311346/tools/bin/../lib/gcc/arm-none-eabi/9.3.1/../../../../arm-none-eabi/lib/thumb/v7-m/nofp\libc_nano.a(lib_a-exit.o)
                              d:/stm32cubeide_1.7.0/stm32cubeide/plugins/com.st.stm32cube.ide.mcu.externaltools.gnu-tools-for-stm32.9-2020-q2-update.win32_2.0.0.202105311346/tools/bin/../lib/gcc/arm-none-eabi/9.3.1/../../../../arm-none-eabi/lib/thumb/v7-m/nofp/crt0.o (exit)
d:/stm32cubeide_1.7.0/stm32cubeide/plugins/com.st.stm32cube.ide.mcu.externaltools.gnu-tools-for-stm32.9-2020-q2-update.win32_2.0.0.202105311346/tools/bin/../lib/gcc/arm-none-eabi/9.3.1/../../../../arm-none-eabi/lib/thumb/v7-m/nofp\libc_nano.a(lib_a-impure.o)
                              d:/stm32cubeide_1.7.0/stm32cubeide/plugins/com.st.stm32cube.ide.mcu.externaltools.gnu-tools-for-stm32.9-2020-q2-update.win32_2.0.0.202105311346/tools/bin/../lib/gcc/arm-none-eabi/9.3.1/../../../../arm-none-eabi/lib/thumb/v7-m/nofp\libc_nano.a(lib_a-exit.o) (_global_impure_ptr)
d:/stm32cubeide_1.7.0/stm32cubeide/plugins/com.st.stm32cube.ide.mcu.externaltools.gnu-tools-for-stm32.9-2020-q2-update.win32_2.0.0.202105311346/tools/bin/../lib/gcc/arm-none-eabi/9.3.1/../../../../arm-none-eabi/lib/thumb/v7-m/nofp\libc_nano.a(lib_a-init.o)
                              d:/stm32cubeide_1.7.0/stm32cubeide/plugins/com.st.stm32cube.ide.mcu.externaltools.gnu-tools-for-stm32.9-2020-q2-update.win32_2.0.0.202105311346/tools/bin/../lib/gcc/arm-none-eabi/9.3.1/../../../../arm-none-eabi/lib/thumb/v7-m/nofp/crt0.o (__libc_init_array)
d:/stm32cubeide_1.7.0/stm32cubeide/plugins/com.st.stm32cube.ide.mcu.externaltools.gnu-tools-for-stm32.9-2020-q2-update.win32_2.0.0.202105311346/tools/bin/../lib/gcc/arm-none-eabi/9.3.1/../../../../arm-none-eabi/lib/thumb/v7-m/nofp\libc_nano.a(lib_a-malloc.o)
                              ./Core/Src/scheduler.o (malloc)
d:/stm32cubeide_1.7.0/stm32cubeide/plugins/com.st.stm32cube.ide.mcu.externaltools.gnu-tools-for-stm32.9-2020-q2-update.win32_2.0.0.202105311346/tools/bin/../lib/gcc/arm-none-eabi/9.3.1/../../../../arm-none-eabi/lib/thumb/v7-m/nofp\libc_nano.a(lib_a-memset.o)
                              d:/stm32cubeide_1.7.0/stm32cubeide/plugins/com.st.stm32cube.ide.mcu.externaltools.gnu-tools-for-stm32.9-2020-q2-update.win32_2.0.0.202105311346/tools/bin/../lib/gcc/arm-none-eabi/9.3.1/../../../../arm-none-eabi/lib/thumb/v7-m/nofp/crt0.o (memset)
d:/stm32cubeide_1.7.0/stm32cubeide/plugins/com.st.stm32cube.ide.mcu.externaltools.gnu-tools-for-stm32.9-2020-q2-update.win32_2.0.0.202105311346/tools/bin/../lib/gcc/arm-none-eabi/9.3.1/../../../../arm-none-eabi/lib/thumb/v7-m/nofp\libc_nano.a(lib_a-nano-freer.o)
                              d:/stm32cubeide_1.7.0/stm32cubeide/plugins/com.st.stm32cube.ide.mcu.externaltools.gnu-tools-for-stm32.9-2020-q2-update.win32_2.0.0.202105311346/tools/bin/../lib/gcc/arm-none-eabi/9.3.1/../../../../arm-none-eabi/lib/thumb/v7-m/nofp\libc_nano.a(lib_a-malloc.o) (_free_r)
d:/stm32cubeide_1.7.0/stm32cubeide/plugins/com.st.stm32cube.ide.mcu.externaltools.gnu-tools-for-stm32.9-2020-q2-update.win32_2.0.0.202105311346/tools/bin/../lib/gcc/arm-none-eabi/9.3.1/../../../../arm-none-eabi/lib/thumb/v7-m/nofp\libc_nano.a(lib_a-nano-mallocr.o)
                              d:/stm32cubeide_1.7.0/stm32cubeide/plugins/com.st.stm32cube.ide.mcu.externaltools.gnu-tools-for-stm32.9-2020-q2-update.win32_2.0.0.202105311346/tools/bin/../lib/gcc/arm-none-eabi/9.3.1/../../../../arm-none-eabi/lib/thumb/v7-m/nofp\libc_nano.a(lib_a-malloc.o) (_malloc_r)
d:/stm32cubeide_1.7.0/stm32cubeide/plugins/com.st.stm32cube.ide.mcu.externaltools.gnu-tools-for-stm32.9-2020-q2-update.win32_2.0.0.202105311346/tools/bin/../lib/gcc/arm-none-eabi/9.3.1/../../../../arm-none-eabi/lib/thumb/v7-m/nofp\libc_nano.a(lib_a-sbrkr.o)
                              d:/stm32cubeide_1.7.0/stm32cubeide/plugins/com.st.stm32cube.ide.mcu.externaltools.gnu-tools-for-stm32.9-2020-q2-update.win32_2.0.0.202105311346/tools/bin/../lib/gcc/arm-none-eabi/9.3.1/../../../../arm-none-eabi/lib/thumb/v7-m/nofp\libc_nano.a(lib_a-nano-mallocr.o) (_sbrk_r)
d:/stm32cubeide_1.7.0/stm32cubeide/plugins/com.st.stm32cube.ide.mcu.externaltools.gnu-tools-for-stm32.9-2020-q2-update.win32_2.0.0.202105311346/tools/bin/../lib/gcc/arm-none-eabi/9.3.1/../../../../arm-none-eabi/lib/thumb/v7-m/nofp\libc_nano.a(lib_a-mlock.o)
[...]
Memory Configuration

Name             Origin             Length             Attributes
RAM              0x0000000020000000 0x0000000000002800 xrw
FLASH            0x0000000008000000 0x0000000000008000 xr
*default*        0x0000000000000000 0xffffffffffffffff

Linker script and memory map

LOAD d:/stm32cubeide_1.7.0/stm32cubeide/plugins/com.st.stm32cube.ide.mcu.externaltools.gnu-tools-for-stm32.9-2020-q2-update.win32_2.0.0.202105311346/tools/bin/../lib/gcc/arm-none-eabi/9.3.1/thumb/v7-m/nofp/crti.o
LOAD d:/stm32cubeide_1.7.0/stm32cubeide/plugins/com.st.stm32cube.ide.mcu.externaltools.gnu-tools-for-stm32.9-2020-q2-update.win32_2.0.0.202105311346/tools/bin/../lib/gcc/arm-none-eabi/9.3.1/thumb/v7-m/nofp/crtbegin.o
LOAD d:/stm32cubeide_1.7.0/stm32cubeide/plugins/com.st.stm32cube.ide.mcu.externaltools.gnu-tools-for-stm32.9-2020-q2-update.win32_2.0.0.202105311346/tools/bin/../lib/gcc/arm-none-eabi/9.3.1/../../../../arm-none-eabi/lib/thumb/v7-m/nofp/crt0.o
LOAD ./Core/Src/button.o
LOAD ./Core/Src/fsm_auto.o
LOAD ./Core/Src/fsm_manual.o
LOAD ./Core/Src/global.o
LOAD ./Core/Src/main.o
LOAD ./Core/Src/mode_control.o
LOAD ./Core/Src/scheduler.o
LOAD ./Core/Src/set7SEG.o
LOAD ./Core/Src/setTrafficLed.o
LOAD ./Core/Src/stm32f1xx_hal_msp.o
LOAD ./Core/Src/stm32f1xx_it.o
LOAD ./Core/Src/sw_timer.o
LOAD ./Core/Src/syscalls.o
LOAD ./Core/Src/sysmem.o
LOAD ./Core/Src/system_stm32f1xx.o
LOAD ./Core/Src/taskList.o
LOAD ./Core/Startup/startup_stm32f103c6ux.o
LOAD ./Drivers/STM32F1xx_HAL_Driver/Src/stm32f1xx_hal.o
LOAD ./Drivers/STM32F1xx_HAL_Driver/Src/stm32f1xx_hal_cortex.o
LOAD ./Drivers/STM32F1xx_HAL_Driver/Src/stm32f1xx_hal_dma.o
LOAD ./Drivers/STM32F1xx_HAL_Driver/Src/stm32f1xx_hal_exti.o
LOAD ./Drivers/STM32F1xx_HAL_Driver/Src/stm32f1xx_hal_flash.o
LOAD ./Drivers/STM32F1xx_HAL_Driver/Src/stm32f1xx_hal_flash_ex.o
LOAD ./Drivers/STM32F1xx_HAL_Driver/Src/stm32f1xx_hal_gpio.o
LOAD ./Drivers/STM32F1xx_HAL_Driver/Src/stm32f1xx_hal_gpio_ex.o
LOAD ./Drivers/STM32F1xx_HAL_Driver/Src/stm32f1xx_hal_pwr.o
LOAD ./Drivers/STM32F1xx_HAL_Driver/Src/stm32f1xx_hal_rcc.o
LOAD ./Drivers/STM32F1xx_HAL_Driver/Src/stm32f1xx_hal_rcc_ex.o
LOAD ./Drivers/STM32F1xx_HAL_Driver/Src/stm32f1xx_hal_tim.o
LOAD ./Drivers/STM32F1xx_HAL_Driver/Src/stm32f1xx_hal_tim_ex.o
START GROUP
LOAD d:/stm32cubeide_1.7.0/stm32cubeide/plugins/com.st.stm32cube.ide.mcu.externaltools.gnu-tools-for-stm32.9-2020-q2-update.win32_2.0.0.202105311346/tools/bin/../lib/gcc/arm-none-eabi/9.3.1/../../../../arm-none-eabi/lib/thumb/v7-m/nofp\libc_nano.a
LOAD d:/stm32cubeide_1.7.0/stm32cubeide/plugins/com.st.stm32cube.ide.mcu.externaltools.gnu-tools-for-stm32.9-2020-q2-update.win32_2.0.0.202105311346/tools/bin/../lib/gcc/arm-none-eabi/9.3.1/../../../../arm-none-eabi/lib/thumb/v7-m/nofp\libm.a
END GROUP
START GROUP
LOAD d:/stm32cubeide_1.7.0/stm32cubeide/plugins/com.st.stm32cube.ide.mcu.externaltools.gnu-tools-for-stm32.9-2020-q2-update.win32_2.0.0.202105311346/tools/bin/../lib/gcc/arm-none-eabi/9.3.1/thumb/v7-m/nofp\libgcc.a
LOAD d:/stm32cubeide_1.7.0/stm32cubeide/plugins/com.st.stm32cube.ide.mcu.externaltools.gnu-tools-for-stm32.9-2020-q2-update.win32_2.0.0.202105311346/tools/bin/../lib/gcc/arm-none-eabi/9.3.1/../../../../arm-none-eabi/lib/thumb/v7-m/nofp\libc_nano.a
END GROUP
START GROUP
LOAD d:/stm32cubeide_1.7.0/stm32cubeide/plugins/com.st.stm32cube.ide.mcu.externaltools.gnu-tools-for-stm32.9-2020-q2-update.win32_2.0.0.202105311346/tools/bin/../lib/gcc/arm-none-eabi/9.3.1/thumb/v7-m/nofp\libgcc.a
LOAD d:/stm32cubeide_1.7.0/stm32cubeide/plugins/com.st.stm32cube.ide.mcu.externaltools.gnu-tools-for-stm32.9-2020-q2-update.win32_2.0.0.202105311346/tools/bin/../lib/gcc/arm-none-eabi/9.3.1/../../../../arm-none-eabi/lib/thumb/v7-m/nofp\libc_nano.a
LOAD d:/stm32cubeide_1.7.0/stm32cubeide/plugins/com.st.stm32cube.ide.mcu.externaltools.gnu-tools-for-stm32.9-2020-q2-update.win32_2.0.0.202105311346/tools/bin/../lib/gcc/arm-none-eabi/9.3.1/../../../../arm-none-eabi/lib/thumb/v7-m/nofp\libnosys.a
END GROUP
START GROUP
LOAD d:/stm32cubeide_1.7.0/stm32cubeide/plugins/com.st.stm32cube.ide.mcu.externaltools.gnu-tools-for-stm32.9-2020-q2-update.win32_2.0.0.202105311346/tools/bin/../lib/gcc/arm-none-eabi/9.3.1/thumb/v7-m/nofp\libgcc.a
LOAD d:/stm32cubeide_1.7.0/stm32cubeide/plugins/com.st.stm32cube.ide.mcu.externaltools.gnu-tools-for-stm32.9-2020-q2-update.win32_2.0.0.202105311346/tools/bin/../lib/gcc/arm-none-eabi/9.3.1/../../../../arm-none-eabi/lib/thumb/v7-m/nofp\libc_nano.a
LOAD d:/stm32cubeide_1.7.0/stm32cubeide/plugins/com.st.stm32cube.ide.mcu.externaltools.gnu-tools-for-stm32.9-2020-q2-update.win32_2.0.0.202105311346/tools/bin/../lib/gcc/arm-none-eabi/9.3.1/../../../../arm-none-eabi/lib/thumb/v7-m/nofp\libnosys.a
END GROUP
LOAD d:/stm32cubeide_1.7.0/stm32cubeide/plugins/com.st.stm32cube.ide.mcu.externaltools.gnu-tools-for-stm32.9-2020-q2-update.win32_2.0.0.202105311346/tools/bin/../lib/gcc/arm-none-eabi/9.3.1/thumb/v7-m/nofp/crtend.o
LOAD d:/stm32cubeide_1.7.0/stm32cubeide/plugins/com.st.stm32cube.ide.mcu.externaltools.gnu-tools-for-stm32.9-2020-q2-update.win32_2.0.0.202105311346/tools/bin/../lib/gcc/arm-none-eabi/9.3.1/thumb/v7-m/nofp/crtn.o
                0x0000000020002800                _estack = (ORIGIN (RAM) + LENGTH (RAM))
                0x0000000000000200                _Min_Heap_Size = 0x200
                0x0000000000000400                _Min_Stack_Size = 0x400

.isr_vector     0x0000000008000000      0x10c
                0x0000000008000000                . = ALIGN (0x4)
 *(.isr_vector)
 .isr_vector    0x0000000008000000      0x10c ./Core/Startup/startup_stm32f103c6ux.o
                0x0000000008000000                g_pfnVectors
                0x000000000800010c                . = ALIGN (0x4)

.text           0x000000000800010c     0x2f4c
                0x000000000800010c                . = ALIGN (0x4)
 *(.text)
 .text          0x000000000800010c       0x40 d:/stm32cubeide_1.7.0/stm32cubeide/plugins/com.st.stm32cube.ide.mcu.externaltools.gnu-tools-for-stm32.9-2020-q2-update.win32_2.0.0.202105311346/tools/bin/../lib/gcc/arm-none-eabi/9.3.1/thumb/v7-m/nofp/crtbegin.o
 *(.text*)
 .text.initButton
                0x000000000800014c       0x4c ./Core/Src/button.o
                0x000000000800014c                initButton
 .text.getKeyInput
                0x0000000008000198       0xa0 ./Core/Src/button.o
                0x0000000008000198                getKeyInput
 .text.initAllButtons
                0x0000000008000238       0x3c ./Core/Src/button.o
                0x0000000008000238                initAllButtons
 .text.isButtonPressed
                0x0000000008000274       0x26 ./Core/Src/button.o
                0x0000000008000274                isButtonPressed
 *fill*         0x000000000800029a        0x2 
 .text.fsm_auto_run_main
                0x000000000800029c       0xe8 ./Core/Src/fsm_auto.o
                0x000000000800029c                fsm_auto_run_main
 .text.fsm_auto_run_sub
                0x0000000008000384       0xe8 ./Core/Src/fsm_auto.o
                0x0000000008000384                fsm_auto_run_sub
 .text.fsm_auto_run
                0x000000000800046c       0x10 ./Core/Src/fsm_auto.o
                0x000000000800046c                fsm_auto_run
 .text.fsm_manual_run
                0x000000000800047c       0xb0 ./Core/Src/fsm_manual.o
                0x000000000800047c                fsm_manual_run
 .text.main     0x000000000800052c       0xd0 ./Core/Src/main.o
                0x000000000800052c                main
 .text.SystemClock_Config
                0x00000000080005fc       0x76 ./Core/Src/main.o
                0x00000000080005fc                SystemClock_Config
 *fill*         0x0000000008000672        0x2 
 .text.MX_TIM2_Init
                0x0000000008000674       0x98 ./Core/Src/main.o
 .text.MX_GPIO_Init
                0x000000000800070c       0xc8 ./Core/Src/main.o
 .text.HAL_TIM_PeriodElapsedCallback
                0x00000000080007d4       0x1e ./Core/Src/main.o
                0x00000000080007d4                HAL_TIM_PeriodElapsedCallback
 .text.Error_Handler
                0x00000000080007f2        0xa ./Core/Src/main.o
                0x00000000080007f2                Error_Handler
 .text.switchManualState
                0x00000000080007fc       0x58 ./Core/Src/mode_control.o
                0x00000000080007fc                switchManualState
 .text.clamp    0x0000000008000854       0x28 ./Core/Src/mode_control.o
                0x0000000008000854                clamp
 .text.entryState
                0x000000000800087c       0xb0 ./Core/Src/mode_control.o
                0x000000000800087c                entryState
 .text.restoreBackup
                0x000000000800092c       0x48 ./Core/Src/mode_control.o
                0x000000000800092c                restoreBackup
 .text.checkMode
                0x0000000008000974       0x48 ./Core/Src/mode_control.o
                0x0000000008000974                checkMode
 .text.updateManualTime
                0x00000000080009bc       0xe0 ./Core/Src/mode_control.o
                0x00000000080009bc                updateManualTime
 .text.saveManualTime
                0x0000000008000a9c      0x110 ./Core/Src/mode_control.o
                0x0000000008000a9c                saveManualTime
 .text.SCH_Create_Task
                0x0000000008000bac       0x5c ./Core/Src/scheduler.o
                0x0000000008000bac                SCH_Create_Task
 .text.SCH_Add_Task
                0x0000000008000c08       0xc0 ./Core/Src/scheduler.o
                0x0000000008000c08                SCH_Add_Task
 .text.SCH_Update
                0x0000000008000cc8       0x44 ./Core/Src/scheduler.o
                0x0000000008000cc8                SCH_Update
 .text.SCH_Dispatch
                0x0000000008000d0c       0x84 ./Core/Src/scheduler.o
                0x0000000008000d0c                SCH_Dispatch
 .text.display7SEG
                0x0000000008000d90      0x320 ./Core/Src/set7SEG.o
                0x0000000008000d90                display7SEG
 .text.updateCountTime
                0x00000000080010b0       0xcc ./Core/Src/set7SEG.o
                0x00000000080010b0                updateCountTime
 .text.showTime
                0x000000000800117c       0xb0 ./Core/Src/set7SEG.o
                0x000000000800117c                showTime
 .text.updateCountdown
                0x000000000800122c       0x44 ./Core/Src/set7SEG.o
                0x000000000800122c                updateCountdown
 .text.turnOffMainLeds
                0x0000000008001270       0x4c ./Core/Src/setTrafficLed.o
                0x0000000008001270                turnOffMainLeds
 .text.turnOffSubLeds
                0x00000000080012bc       0x54 ./Core/Src/setTrafficLed.o
                0x00000000080012bc                turnOffSubLeds
 .text.blinkyLedMain
                0x0000000008001310       0x5c ./Core/Src/setTrafficLed.o
                0x0000000008001310                blinkyLedMain
 .text.blinkyLedSub
                0x000000000800136c       0x5c ./Core/Src/setTrafficLed.o
                0x000000000800136c                blinkyLedSub
 .text.redOnMain
                0x00000000080013c8       0x44 ./Core/Src/setTrafficLed.o
                0x00000000080013c8                redOnMain
 .text.yellowOnMain
                0x000000000800140c       0x44 ./Core/Src/setTrafficLed.o
                0x000000000800140c                yellowOnMain
 .text.greenOnMain
                0x0000000008001450       0x44 ./Core/Src/setTrafficLed.o
                0x0000000008001450                greenOnMain
 .text.redOnSub
                0x0000000008001494       0x4c ./Core/Src/setTrafficLed.o
                0x0000000008001494                redOnSub
 .text.yellowOnSub
                0x00000000080014e0       0x4c ./Core/Src/setTrafficLed.o
                0x00000000080014e0                yellowOnSub
 .text.greenOnSub
                0x000000000800152c       0x4c ./Core/Src/setTrafficLed.o
                0x000000000800152c                greenOnSub
 .text.HAL_MspInit
                0x0000000008001578       0x64 ./Core/Src/stm32f1xx_hal_msp.o
                0x0000000008001578                HAL_MspInit
 .text.HAL_TIM_Base_MspInit
                0x00000000080015dc       0x48 ./Core/Src/stm32f1xx_hal_msp.o
                0x00000000080015dc                HAL_TIM_Base_MspInit
 .text.NMI_Handler
                0x0000000008001624        0x6 ./Core/Src/stm32f1xx_it.o
                0x0000000008001624                NMI_Handler
 .text.HardFault_Handler
                0x000000000800162a        0x6 ./Core/Src/stm32f1xx_it.o
                0x000000000800162a                HardFault_Handler
 .text.MemManage_Handler
                0x0000000008001630        0x6 ./Core/Src/stm32f1xx_it.o
                0x0000000008001630                MemManage_Handler
 .text.BusFault_Handler
                0x0000000008001636        0x6 ./Core/Src/stm32f1xx_it.o
                0x0000000008001636                BusFault_Handler
 .text.UsageFault_Handler
                0x000000000800163c        0x6 ./Core/Src/stm32f1xx_it.o
                0x000000000800163c                UsageFault_Handler
 .text.SVC_Handler
                0x0000000008001642        0xc ./Core/Src/stm32f1xx_it.o
                0x0000000008001642                SVC_Handler
 .text.DebugMon_Handler
                0x000000000800164e        0xc ./Core/Src/stm32f1xx_it.o
                0x000000000800164e                DebugMon_Handler
 .text.PendSV_Handler
                0x000000000800165a        0xc ./Core/Src/stm32f1xx_it.o
                0x000000000800165a                PendSV_Handler
 .text.SysTick_Handler
                0x0000000008001666        0xc ./Core/Src/stm32f1xx_it.o
                0x0000000008001666                SysTick_Handler
 *fill*         0x0000000008001672        0x2 
 .text.TIM2_IRQHandler
                0x0000000008001674       0x14 ./Core/Src/stm32f1xx_it.o
                0x0000000008001674                TIM2_IRQHandler
 .text._sbrk    0x0000000008001688       0x6c ./Core/Src/sysmem.o
                0x0000000008001688                _sbrk
 .text.SystemInit
                0x00000000080016f4        0xc ./Core/Src/system_stm32f1xx.o
                0x00000000080016f4                SystemInit
 .text.task_blinkToggle
                0x0000000008001700       0x40 ./Core/Src/taskList.o
                0x0000000008001700                task_blinkToggle
 .text.task_fsmAutoRun
                0x0000000008001740       0x18 ./Core/Src/taskList.o
                0x0000000008001740                task_fsmAutoRun
 .text.task_fsmManualRun
                0x0000000008001758       0x18 ./Core/Src/taskList.o
                0x0000000008001758                task_fsmManualRun
 .text.task_readButton
                0x0000000008001770       0x28 ./Core/Src/taskList.o
                0x0000000008001770                task_readButton
 .text.task_checkMode
                0x0000000008001798        0xc ./Core/Src/taskList.o
                0x0000000008001798                task_checkMode
 .text.task_display7SEG
                0x00000000080017a4       0x2c ./Core/Src/taskList.o
                0x00000000080017a4                task_display7SEG
 .text.task_updateCountdown
                0x00000000080017d0        0xc ./Core/Src/taskList.o
                0x00000000080017d0                task_updateCountdown
 .text.task_toggleTest
                0x00000000080017dc       0x14 ./Core/Src/taskList.o
                0x00000000080017dc                task_toggleTest
 .text.task_checkNoReact
                0x00000000080017f0       0x24 ./Core/Src/taskList.o
                0x00000000080017f0                task_checkNoReact
 .text.Reset_Handler
                0x0000000008001814       0x48 ./Core/Startup/startup_stm32f103c6ux.o
                0x0000000008001814                Reset_Handler
 .text.Default_Handler
                0x000000000800185c        0x2 ./Core/Startup/startup_stm32f103c6ux.o
                0x000000000800185c                RTC_Alarm_IRQHandler
                0x000000000800185c                EXTI2_IRQHandler
                0x000000000800185c                TIM1_CC_IRQHandler
                0x000000000800185c                PVD_IRQHandler
                0x000000000800185c                EXTI3_IRQHandler
                0x000000000800185c                EXTI0_IRQHandler
                0x000000000800185c                ADC1_2_IRQHandler
                0x000000000800185c                SPI1_IRQHandler
                0x000000000800185c                TAMPER_IRQHandler
                0x000000000800185c                DMA1_Channel4_IRQHandler
                0x000000000800185c                RTC_IRQHandler
                0x000000000800185c                DMA1_Channel7_IRQHandler
                0x000000000800185c                CAN1_RX1_IRQHandler
                0x000000000800185c                I2C1_EV_IRQHandler
                0x000000000800185c                DMA1_Channel6_IRQHandler
                0x000000000800185c                TIM3_IRQHandler
                0x000000000800185c                RCC_IRQHandler
                0x000000000800185c                TIM1_TRG_COM_IRQHandler
                0x000000000800185c                DMA1_Channel1_IRQHandler
                0x000000000800185c                Default_Handler
                0x000000000800185c                EXTI15_10_IRQHandler
                0x000000000800185c                EXTI9_5_IRQHandler
                0x000000000800185c                DMA1_Channel5_IRQHandler
                0x000000000800185c                EXTI4_IRQHandler
                0x000000000800185c                USB_LP_CAN1_RX0_IRQHandler
                0x000000000800185c                USB_HP_CAN1_TX_IRQHandler
                0x000000000800185c                DMA1_Channel3_IRQHandler
                0x000000000800185c                TIM1_UP_IRQHandler
                0x000000000800185c                WWDG_IRQHandler
                0x000000000800185c                TIM1_BRK_IRQHandler
                0x000000000800185c                EXTI1_IRQHandler
                0x000000000800185c                USART2_IRQHandler
                0x000000000800185c                DMA1_Channel2_IRQHandler
                0x000000000800185c                CAN1_SCE_IRQHandler
                0x000000000800185c                FLASH_IRQHandler
                0x000000000800185c                USART1_IRQHandler
                0x000000000800185c                I2C1_ER_IRQHandler
                0x000000000800185c                USBWakeUp_IRQHandler
 *fill*         0x000000000800185e        0x2 
 .text.HAL_Init
                0x0000000008001860       0x2c ./Drivers/STM32F1xx_HAL_Driver/Src/stm32f1xx_hal.o
                0x0000000008001860                HAL_Init
 .text.HAL_InitTick
                0x000000000800188c       0x60 ./Drivers/STM32F1xx_HAL_Driver/Src/stm32f1xx_hal.o
                0x000000000800188c                HAL_InitTick
 .text.HAL_IncTick
                0x00000000080018ec       0x24 ./Drivers/STM32F1xx_HAL_Driver/Src/stm32f1xx_hal.o
                0x00000000080018ec                HAL_IncTick
 .text.HAL_GetTick
                0x0000000008001910       0x14 ./Drivers/STM32F1xx_HAL_Driver/Src/stm32f1xx_hal.o
                0x0000000008001910                HAL_GetTick
 .text.__NVIC_SetPriorityGrouping
                0x0000000008001924       0x48 ./Drivers/STM32F1xx_HAL_Driver/Src/stm32f1xx_hal_cortex.o
 .text.__NVIC_GetPriorityGrouping
                0x000000000800196c       0x1c ./Drivers/STM32F1xx_HAL_Driver/Src/stm32f1xx_hal_cortex.o
 .text.__NVIC_EnableIRQ
                0x0000000008001988       0x38 ./Drivers/STM32F1xx_HAL_Driver/Src/stm32f1xx_hal_cortex.o
 .text.__NVIC_SetPriority
                0x00000000080019c0       0x54 ./Drivers/STM32F1xx_HAL_Driver/Src/stm32f1xx_hal_cortex.o
 .text.NVIC_EncodePriority
                0x0000000008001a14       0x64 ./Drivers/STM32F1xx_HAL_Driver/Src/stm32f1xx_hal_cortex.o
 .text.SysTick_Config
                0x0000000008001a78       0x44 ./Drivers/STM32F1xx_HAL_Driver/Src/stm32f1xx_hal_cortex.o
 .text.HAL_NVIC_SetPriorityGrouping
                0x0000000008001abc       0x16 ./Drivers/STM32F1xx_HAL_Driver/Src/stm32f1xx_hal_cortex.o
                0x0000000008001abc                HAL_NVIC_SetPriorityGrouping
 .text.HAL_NVIC_SetPriority
                0x0000000008001ad2       0x38 ./Drivers/STM32F1xx_HAL_Driver/Src/stm32f1xx_hal_cortex.o
                0x0000000008001ad2                HAL_NVIC_SetPriority
 .text.HAL_NVIC_EnableIRQ
                0x0000000008001b0a       0x1c ./Drivers/STM32F1xx_HAL_Driver/Src/stm32f1xx_hal_cortex.o
                0x0000000008001b0a                HAL_NVIC_EnableIRQ
 .text.HAL_SYSTICK_Config
                0x0000000008001b26       0x18 ./Drivers/STM32F1xx_HAL_Driver/Src/stm32f1xx_hal_cortex.o
                0x0000000008001b26                HAL_SYSTICK_Config
 *fill*         0x0000000008001b3e        0x2 
 .text.HAL_GPIO_Init
                0x0000000008001b40      0x2f4 ./Drivers/STM32F1xx_HAL_Driver/Src/stm32f1xx_hal_gpio.o
                0x0000000008001b40                HAL_GPIO_Init
 .text.HAL_GPIO_ReadPin
                0x0000000008001e34       0x2e ./Drivers/STM32F1xx_HAL_Driver/Src/stm32f1xx_hal_gpio.o
                0x0000000008001e34                HAL_GPIO_ReadPin
 .text.HAL_GPIO_WritePin
                0x0000000008001e62       0x30 ./Drivers/STM32F1xx_HAL_Driver/Src/stm32f1xx_hal_gpio.o
                0x0000000008001e62                HAL_GPIO_WritePin
 .text.HAL_GPIO_TogglePin
                0x0000000008001e92       0x32 ./Drivers/STM32F1xx_HAL_Driver/Src/stm32f1xx_hal_gpio.o
                0x0000000008001e92                HAL_GPIO_TogglePin
 .text.HAL_RCC_OscConfig
                0x0000000008001ec4      0x500 ./Drivers/STM32F1xx_HAL_Driver/Src/stm32f1xx_hal_rcc.o
                0x0000000008001ec4                HAL_RCC_OscConfig
 .text.HAL_RCC_ClockConfig
                0x00000000080023c4      0x1d4 ./Drivers/STM32F1xx_HAL_Driver/Src/stm32f1xx_hal_rcc.o
                0x00000000080023c4                HAL_RCC_ClockConfig
 .text.HAL_RCC_GetSysClockFreq
                0x0000000008002598       0xa8 ./Drivers/STM32F1xx_HAL_Driver/Src/stm32f1xx_hal_rcc.o
                0x0000000008002598                HAL_RCC_GetSysClockFreq
 .text.RCC_Delay
                0x0000000008002640       0x3c ./Drivers/STM32F1xx_HAL_Driver/Src/stm32f1xx_hal_rcc.o
 .text.HAL_TIM_Base_Init
                0x000000000800267c       0x9e ./Drivers/STM32F1xx_HAL_Driver/Src/stm32f1xx_hal_tim.o
                0x000000000800267c                HAL_TIM_Base_Init
 *fill*         0x000000000800271a        0x2 
 .text.HAL_TIM_Base_Start_IT
                0x000000000800271c       0x98 ./Drivers/STM32F1xx_HAL_Driver/Src/stm32f1xx_hal_tim.o
                0x000000000800271c                HAL_TIM_Base_Start_IT
 .text.HAL_TIM_IRQHandler
                0x00000000080027b4      0x1e0 ./Drivers/STM32F1xx_HAL_Driver/Src/stm32f1xx_hal_tim.o
                0x00000000080027b4                HAL_TIM_IRQHandler
 .text.HAL_TIM_ConfigClockSource
                0x0000000008002994      0x18e ./Drivers/STM32F1xx_HAL_Driver/Src/stm32f1xx_hal_tim.o
                0x0000000008002994                HAL_TIM_ConfigClockSource
 .text.HAL_TIM_OC_DelayElapsedCallback
                0x0000000008002b22       0x12 ./Drivers/STM32F1xx_HAL_Driver/Src/stm32f1xx_hal_tim.o
                0x0000000008002b22                HAL_TIM_OC_DelayElapsedCallback
 .text.HAL_TIM_IC_CaptureCallback
                0x0000000008002b34       0x12 ./Drivers/STM32F1xx_HAL_Driver/Src/stm32f1xx_hal_tim.o
                0x0000000008002b34                HAL_TIM_IC_CaptureCallback
 .text.HAL_TIM_PWM_PulseFinishedCallback
                0x0000000008002b46       0x12 ./Drivers/STM32F1xx_HAL_Driver/Src/stm32f1xx_hal_tim.o
                0x0000000008002b46                HAL_TIM_PWM_PulseFinishedCallback
 .text.HAL_TIM_TriggerCallback
                0x0000000008002b58       0x12 ./Drivers/STM32F1xx_HAL_Driver/Src/stm32f1xx_hal_tim.o
                0x0000000008002b58                HAL_TIM_TriggerCallback
 *fill*         0x0000000008002b6a        0x2 
 .text.TIM_Base_SetConfig
                0x0000000008002b6c       0xc8 ./Drivers/STM32F1xx_HAL_Driver/Src/stm32f1xx_hal_tim.o
                0x0000000008002b6c                TIM_Base_SetConfig
 .text.TIM_TI1_ConfigInputStage
                0x0000000008002c34       0x5c ./Drivers/STM32F1xx_HAL_Driver/Src/stm32f1xx_hal_tim.o
 .text.TIM_TI2_ConfigInputStage
                0x0000000008002c90       0x5e ./Drivers/STM32F1xx_HAL_Driver/Src/stm32f1xx_hal_tim.o
 .text.TIM_ITRx_SetConfig
                0x0000000008002cee       0x34 ./Drivers/STM32F1xx_HAL_Driver/Src/stm32f1xx_hal_tim.o
 .text.TIM_ETR_SetConfig
                0x0000000008002d22       0x3e ./Drivers/STM32F1xx_HAL_Driver/Src/stm32f1xx_hal_tim.o
                0x0000000008002d22                TIM_ETR_SetConfig
 .text.HAL_TIMEx_MasterConfigSynchronization
                0x0000000008002d60       0xb0 ./Drivers/STM32F1xx_HAL_Driver/Src/stm32f1xx_hal_tim_ex.o
                0x0000000008002d60                HAL_TIMEx_MasterConfigSynchronization
 .text.HAL_TIMEx_CommutCallback
                0x0000000008002e10       0x12 ./Drivers/STM32F1xx_HAL_Driver/Src/stm32f1xx_hal_tim_ex.o
                0x0000000008002e10                HAL_TIMEx_CommutCallback
 .text.HAL_TIMEx_BreakCallback
                0x0000000008002e22       0x12 ./Drivers/STM32F1xx_HAL_Driver/Src/stm32f1xx_hal_tim_ex.o
                0x0000000008002e22                HAL_TIMEx_BreakCallback
 .text.__errno  0x0000000008002e34        0xc d:/stm32cubeide_1.7.0/stm32cubeide/plugins/com.st.stm32cube.ide.mcu.externaltools.gnu-tools-for-stm32.9-2020-q2-update.win32_2.0.0.202105311346/tools/bin/../lib/gcc/arm-none-eabi/9.3.1/../../../../arm-none-eabi/lib/thumb/v7-m/nofp\libc_nano.a(lib_a-errno.o)
                0x0000000008002e34                __errno
 .text.__libc_init_array
                0x0000000008002e40       0x48 d:/stm32cubeide_1.7.0/stm32cubeide/plugins/com.st.stm32cube.ide.mcu.externaltools.gnu-tools-for-stm32.9-2020-q2-update.win32_2.0.0.202105311346/tools/bin/../lib/gcc/arm-none-eabi/9.3.1/../../../../arm-none-eabi/lib/thumb/v7-m/nofp\libc_nano.a(lib_a-init.o)
                0x0000000008002e40                __libc_init_array
 .text.malloc   0x0000000008002e88       0x10 d:/stm32cubeide_1.7.0/stm32cubeide/plugins/com.st.stm32cube.ide.mcu.externaltools.gnu-tools-for-stm32.9-2020-q2-update.win32_2.0.0.202105311346/tools/bin/../lib/gcc/arm-none-eabi/9.3.1/../../../../arm-none-eabi/lib/thumb/v7-m/nofp\libc_nano.a(lib_a-malloc.o)
                0x0000000008002e88                malloc
 .text.free     0x0000000008002e98       0x10 d:/stm32cubeide_1.7.0/stm32cubeide/plugins/com.st.stm32cube.ide.mcu.externaltools.gnu-tools-for-stm32.9-2020-q2-update.win32_2.0.0.202105311346/tools/bin/../lib/gcc/arm-none-eabi/9.3.1/../../../../arm-none-eabi/lib/thumb/v7-m/nofp\libc_nano.a(lib_a-malloc.o)
                0x0000000008002e98                free
 .text.memset   0x0000000008002ea8       0x10 d:/stm32cubeide_1.7.0/stm32cubeide/plugins/com.st.stm32cube.ide.mcu.externaltools.gnu-tools-for-stm32.9-2020-q2-update.win32_2.0.0.202105311346/tools/bin/../lib/gcc/arm-none-eabi/9.3.1/../../../../arm-none-eabi/lib/thumb/v7-m/nofp\libc_nano.a(lib_a-memset.o)
                0x0000000008002ea8                memset
 .text._free_r  0x0000000008002eb8       0x98 d:/stm32cubeide_1.7.0/stm32cubeide/plugins/com.st.stm32cube.ide.mcu.externaltools.gnu-tools-for-stm32.9-2020-q2-update.win32_2.0.0.202105311346/tools/bin/../lib/gcc/arm-none-eabi/9.3.1/../../../../arm-none-eabi/lib/thumb/v7-m/nofp\libc_nano.a(lib_a-nano-freer.o)
                0x0000000008002eb8                _free_r
 .text._malloc_r
                0x0000000008002f50       0xb4 d:/stm32cubeide_1.7.0/stm32cubeide/plugins/com.st.stm32cube.ide.mcu.externaltools.gnu-tools-for-stm32.9-2020-q2-update.win32_2.0.0.202105311346/tools/bin/../lib/gcc/arm-none-eabi/9.3.1/../../../../arm-none-eabi/lib/thumb/v7-m/nofp\libc_nano.a(lib_a-nano-mallocr.o)
                0x0000000008002f50                _malloc_r
 .text._sbrk_r  0x0000000008003004       0x20 d:/stm32cubeide_1.7.0/stm32cubeide/plugins/com.st.stm32cube.ide.mcu.externaltools.gnu-tools-for-stm32.9-2020-q2-update.win32_2.0.0.202105311346/tools/bin/../lib/gcc/arm-none-eabi/9.3.1/../../../../arm-none-eabi/lib/thumb/v7-m/nofp\libc_nano.a(lib_a-sbrkr.o)
                0x0000000008003004                _sbrk_r
 .text.__malloc_lock
                0x0000000008003024        0xc d:/stm32cubeide_1.7.0/stm32cubeide/plugins/com.st.stm32cube.ide.mcu.externaltools.gnu-tools-for-stm32.9-2020-q2-update.win32_2.0.0.202105311346/tools/bin/../lib/gcc/arm-none-eabi/9.3.1/../../../../arm-none-eabi/lib/thumb/v7-m/nofp\libc_nano.a(lib_a-mlock.o)
                0x0000000008003024                __malloc_lock
 .text.__malloc_unlock
                0x0000000008003030        0xc d:/stm32cubeide_1.7.0/stm32cubeide/plugins/com.st.stm32cube.ide.mcu.externaltools.gnu-tools-for-stm32.9-2020-q2-update.win32_2.0.0.202105311346/tools/bin/../lib/gcc/arm-none-eabi/9.3.1/../../../../arm-none-eabi/lib/thumb/v7-m/nofp\libc_nano.a(lib_a-mlock.o)
                0x0000000008003030                __malloc_unlock
 .text.__retarget_lock_acquire_recursive
                0x000000000800303c        0x2 d:/stm32cubeide_1.7.0/stm32cubeide/plugins/com.st.stm32cube.ide.mcu.externaltools.gnu-tools-for-stm32.9-2020-q2-update.win32_2.0.0.202105311346/tools/bin/../lib/gcc/arm-none-eabi/9.3.1/../../../../arm-none-eabi/lib/thumb/v7-m/nofp\libc_nano.a(lib_a-lock.o)
                0x000000000800303c                __retarget_lock_acquire_recursive
 .text.__retarget_lock_release_recursive
                0x000000000800303e        0x2 d:/stm32cubeide_1.7.0/stm32cubeide/plugins/com.st.stm32cube.ide.mcu.externaltools.gnu-tools-for-stm32.9-2020-q2-update.win32_2.0.0.202105311346/tools/bin/../lib/gcc/arm-none-eabi/9.3.1/../../../../arm-none-eabi/lib/thumb/v7-m/nofp\libc_nano.a(lib_a-lock.o)
                0x000000000800303e                __retarget_lock_release_recursive
 *(.glue_7)
 .glue_7        0x0000000008003040        0x0 linker stubs
 *(.glue_7t)
 .glue_7t       0x0000000008003040        0x0 linker stubs
 *(.eh_frame)
 .eh_frame      0x0000000008003040        0x0 d:/stm32cubeide_1.7.0/stm32cubeide/plugins/com.st.stm32cube.ide.mcu.externaltools.gnu-tools-for-stm32.9-2020-q2-update.win32_2.0.0.202105311346/tools/bin/../lib/gcc/arm-none-eabi/9.3.1/thumb/v7-m/nofp/crtbegin.o
 *(.init)
 .init          0x0000000008003040        0x4 d:/stm32cubeide_1.7.0/stm32cubeide/plugins/com.st.stm32cube.ide.mcu.externaltools.gnu-tools-for-stm32.9-2020-q2-update.win32_2.0.0.202105311346/tools/bin/../lib/gcc/arm-none-eabi/9.3.1/thumb/v7-m/nofp/crti.o
                0x0000000008003040                _init
 .init          0x0000000008003044        0x8 d:/stm32cubeide_1.7.0/stm32cubeide/plugins/com.st.stm32cube.ide.mcu.externaltools.gnu-tools-for-stm32.9-2020-q2-update.win32_2.0.0.202105311346/tools/bin/../lib/gcc/arm-none-eabi/9.3.1/thumb/v7-m/nofp/crtn.o
 *(.fini)
 .fini          0x000000000800304c        0x4 d:/stm32cubeide_1.7.0/stm32cubeide/plugins/com.st.stm32cube.ide.mcu.externaltools.gnu-tools-for-stm32.9-2020-q2-update.win32_2.0.0.202105311346/tools/bin/../lib/gcc/arm-none-eabi/9.3.1/thumb/v7-m/nofp/crti.o
                0x000000000800304c                _fini
 .fini          0x0000000008003050        0x8 d:/stm32cubeide_1.7.0/stm32cubeide/plugins/com.st.stm32cube.ide.mcu.externaltools.gnu-tools-for-stm32.9-2020-q2-update.win32_2.0.0.202105311346/tools/bin/../lib/gcc/arm-none-eabi/9.3.1/thumb/v7-m/nofp/crtn.o
                0x0000000008003058                . = ALIGN (0x4)
                0x0000000008003058                _etext = .

.vfp11_veneer   0x0000000008003058        0x0
 .vfp11_veneer  0x0000000008003058        0x0 linker stubs

.v4_bx          0x0000000008003058        0x0
 .v4_bx         0x0000000008003058        0x0 linker stubs

.iplt           0x0000000008003058        0x0
 .iplt          0x0000000008003058        0x0 d:/stm32cubeide_1.7.0/stm32cubeide/plugins/com.st.stm32cube.ide.mcu.externaltools.gnu-tools-for-stm32.9-2020-q2-update.win32_2.0.0.202105311346/tools/bin/../lib/gcc/arm-none-eabi/9.3.1/thumb/v7-m/nofp/crtbegin.o

.rodata         0x0000000008003058       0x24
                0x0000000008003058                . = ALIGN (0x4)
 *(.rodata)
 *(.rodata*)
 .rodata.AHBPrescTable
                0x0000000008003058       0x10 ./Core/Src/system_stm32f1xx.o
                0x0000000008003058                AHBPrescTable
 .rodata.aPLLMULFactorTable.6032
                0x0000000008003068       0x10 ./Drivers/STM32F1xx_HAL_Driver/Src/stm32f1xx_hal_rcc.o
 .rodata.aPredivFactorTable.6033
                0x0000000008003078        0x2 ./Drivers/STM32F1xx_HAL_Driver/Src/stm32f1xx_hal_rcc.o
                0x000000000800307c                . = ALIGN (0x4)
 *fill*         0x000000000800307a        0x2 

.rel.dyn        0x000000000800307c        0x0
 .rel.iplt      0x000000000800307c        0x0 d:/stm32cubeide_1.7.0/stm32cubeide/plugins/com.st.stm32cube.ide.mcu.externaltools.gnu-tools-for-stm32.9-2020-q2-update.win32_2.0.0.202105311346/tools/bin/../lib/gcc/arm-none-eabi/9.3.1/thumb/v7-m/nofp/crtbegin.o

.ARM.extab      0x000000000800307c        0x0
                0x000000000800307c                . = ALIGN (0x4)
 *(.ARM.extab* .gnu.linkonce.armextab.*)
                0x000000000800307c                . = ALIGN (0x4)

.ARM            0x000000000800307c        0x0
                0x000000000800307c                . = ALIGN (0x4)
                0x000000000800307c                __exidx_start = .
 *(.ARM.exidx*)
                0x000000000800307c                __exidx_end = .
                0x000000000800307c                . = ALIGN (0x4)

.preinit_array  0x000000000800307c        0x0
                0x000000000800307c                . = ALIGN (0x4)
                0x000000000800307c                PROVIDE (__preinit_array_start = .)
 *(.preinit_array*)
                0x000000000800307c                PROVIDE (__preinit_array_end = .)
                0x000000000800307c                . = ALIGN (0x4)

.init_array     0x000000000800307c        0x4
                0x000000000800307c                . = ALIGN (0x4)
                0x000000000800307c                PROVIDE (__init_array_start = .)
 *(SORT_BY_NAME(.init_array.*))
 *(.init_array*)
 .init_array    0x000000000800307c        0x4 d:/stm32cubeide_1.7.0/stm32cubeide/plugins/com.st.stm32cube.ide.mcu.externaltools.gnu-tools-for-stm32.9-2020-q2-update.win32_2.0.0.202105311346/tools/bin/../lib/gcc/arm-none-eabi/9.3.1/thumb/v7-m/nofp/crtbegin.o
                0x0000000008003080                PROVIDE (__init_array_end = .)
                0x0000000008003080                . = ALIGN (0x4)

.fini_array     0x0000000008003080        0x4
                0x0000000008003080                . = ALIGN (0x4)
                [!provide]                        PROVIDE (__fini_array_start = .)
 *(SORT_BY_NAME(.fini_array.*))
 *(.fini_array*)
 .fini_array    0x0000000008003080        0x4 d:/stm32cubeide_1.7.0/stm32cubeide/plugins/com.st.stm32cube.ide.mcu.externaltools.gnu-tools-for-stm32.9-2020-q2-update.win32_2.0.0.202105311346/tools/bin/../lib/gcc/arm-none-eabi/9.3.1/thumb/v7-m/nofp/crtbegin.o
                [!provide]                        PROVIDE (__fini_array_end = .)
                0x0000000008003084                . = ALIGN (0x4)
                0x0000000008003084                _sidata = LOADADDR (.data)

.data           0x0000000020000000       0x84 load address 0x0000000008003084
                0x0000000020000000                . = ALIGN (0x4)
                0x0000000020000000                _sdata = .
 *(.data)
 *(.data*)
 .data.timeRed  0x0000000020000000        0x4 ./Core/Src/fsm_auto.o
                0x0000000020000000                timeRed
 .data.timeYel  0x0000000020000004        0x4 ./Core/Src/fsm_auto.o
                0x0000000020000004                timeYel
 .data.timeGreen
                0x0000000020000008        0x4 ./Core/Src/fsm_auto.o
                0x0000000020000008                timeGreen
 .data.nextID   0x000000002000000c        0x4 ./Core/Src/scheduler.o
                0x000000002000000c                nextID
 .data.blinkyMainFlag
                0x0000000020000010        0x1 ./Core/Src/setTrafficLed.o
                0x0000000020000010                blinkyMainFlag
 .data.blinkySubFlag
                0x0000000020000011        0x1 ./Core/Src/setTrafficLed.o
                0x0000000020000011                blinkySubFlag
 *fill*         0x0000000020000012        0x2 
 .data.SystemCoreClock
                0x0000000020000014        0x4 ./Core/Src/system_stm32f1xx.o
                0x0000000020000014                SystemCoreClock
 .data.uwTickPrio
                0x0000000020000018        0x4 ./Drivers/STM32F1xx_HAL_Driver/Src/stm32f1xx_hal.o
                0x0000000020000018                uwTickPrio
 .data.uwTickFreq
                0x000000002000001c        0x1 ./Drivers/STM32F1xx_HAL_Driver/Src/stm32f1xx_hal.o
                0x000000002000001c                uwTickFreq
 *fill*         0x000000002000001d        0x3 
 .data._impure_ptr
                0x0000000020000020        0x4 d:/stm32cubeide_1.7.0/stm32cubeide/plugins/com.st.stm32cube.ide.mcu.externaltools.gnu-tools-for-stm32.9-2020-q2-update.win32_2.0.0.202105311346/tools/bin/../lib/gcc/arm-none-eabi/9.3.1/../../../../arm-none-eabi/lib/thumb/v7-m/nofp\libc_nano.a(lib_a-impure.o)
                0x0000000020000020                _impure_ptr
 .data.impure_data
                0x0000000020000024       0x60 d:/stm32cubeide_1.7.0/stm32cubeide/plugins/com.st.stm32cube.ide.mcu.externaltools.gnu-tools-for-stm32.9-2020-q2-update.win32_2.0.0.202105311346/tools/bin/../lib/gcc/arm-none-eabi/9.3.1/../../../../arm-none-eabi/lib/thumb/v7-m/nofp\libc_nano.a(lib_a-impure.o)
 *(.RamFunc)
 *(.RamFunc*)
                0x0000000020000084                . = ALIGN (0x4)
                0x0000000020000084                _edata = .

.igot.plt       0x0000000020000084        0x0 load address 0x0000000008003108
 .igot.plt      0x0000000020000084        0x0 d:/stm32cubeide_1.7.0/stm32cubeide/plugins/com.st.stm32cube.ide.mcu.externaltools.gnu-tools-for-stm32.9-2020-q2-update.win32_2.0.0.202105311346/tools/bin/../lib/gcc/arm-none-eabi/9.3.1/thumb/v7-m/nofp/crtbegin.o
                0x0000000020000084                . = ALIGN (0x4)

.bss            0x0000000020000084      0x118 load address 0x0000000008003108
                0x0000000020000084                _sbss = .
                0x0000000020000084                __bss_start__ = _sbss
 *(.bss)
 .bss           0x0000000020000084       0x1c d:/stm32cubeide_1.7.0/stm32cubeide/plugins/com.st.stm32cube.ide.mcu.externaltools.gnu-tools-for-stm32.9-2020-q2-update.win32_2.0.0.202105311346/tools/bin/../lib/gcc/arm-none-eabi/9.3.1/thumb/v7-m/nofp/crtbegin.o
 *(.bss*)
 .bss.main_status
                0x00000000200000a0        0x4 ./Core/Src/fsm_auto.o
                0x00000000200000a0                main_status
 .bss.sub_status
                0x00000000200000a4        0x4 ./Core/Src/fsm_auto.o
                0x00000000200000a4                sub_status
 .bss.manual_status
                0x00000000200000a8        0x4 ./Core/Src/fsm_manual.o
                0x00000000200000a8                manual_status
 .bss.mode      0x00000000200000ac        0x4 ./Core/Src/mode_control.o
                0x00000000200000ac                mode
 .bss.tempRed   0x00000000200000b0        0x4 ./Core/Src/mode_control.o
                0x00000000200000b0                tempRed
 .bss.tempYel   0x00000000200000b4        0x4 ./Core/Src/mode_control.o
                0x00000000200000b4                tempYel
 .bss.tempGreen
                0x00000000200000b8        0x4 ./Core/Src/mode_control.o
                0x00000000200000b8                tempGreen
 .bss.backupRed
                0x00000000200000bc        0x4 ./Core/Src/mode_control.o
                0x00000000200000bc                backupRed
 .bss.backupYel
                0x00000000200000c0        0x4 ./Core/Src/mode_control.o
                0x00000000200000c0                backupYel
 .bss.backupGreen
                0x00000000200000c4        0x4 ./Core/Src/mode_control.o
                0x00000000200000c4                backupGreen
 .bss.head      0x00000000200000c8        0x4 ./Core/Src/scheduler.o
                0x00000000200000c8                head
 .bss.timeNoReactMs
                0x00000000200000cc        0x4 ./Core/Src/set7SEG.o
                0x00000000200000cc                timeNoReactMs
 .bss.led_idx   0x00000000200000d0        0x4 ./Core/Src/set7SEG.o
                0x00000000200000d0                led_idx
 .bss.mainTimeRemain
                0x00000000200000d4        0x4 ./Core/Src/set7SEG.o
                0x00000000200000d4                mainTimeRemain
 .bss.subTimeRemain
                0x00000000200000d8        0x4 ./Core/Src/set7SEG.o
                0x00000000200000d8                subTimeRemain
 .bss.__sbrk_heap_end
                0x00000000200000dc        0x4 ./Core/Src/sysmem.o
 .bss.__malloc_free_list
                0x00000000200000e0        0x4 d:/stm32cubeide_1.7.0/stm32cubeide/plugins/com.st.stm32cube.ide.mcu.externaltools.gnu-tools-for-stm32.9-2020-q2-update.win32_2.0.0.202105311346/tools/bin/../lib/gcc/arm-none-eabi/9.3.1/../../../../arm-none-eabi/lib/thumb/v7-m/nofp\libc_nano.a(lib_a-nano-mallocr.o)
                0x00000000200000e0                __malloc_free_list
 .bss.__malloc_sbrk_start
                0x00000000200000e4        0x4 d:/stm32cubeide_1.7.0/stm32cubeide/plugins/com.st.stm32cube.ide.mcu.externaltools.gnu-tools-for-stm32.9-2020-q2-update.win32_2.0.0.202105311346/tools/bin/../lib/gcc/arm-none-eabi/9.3.1/../../../../arm-none-eabi/lib/thumb/v7-m/nofp\libc_nano.a(lib_a-nano-mallocr.o)
                0x00000000200000e4                __malloc_sbrk_start
 *(COMMON)
 COMMON         0x00000000200000e8       0x3c ./Core/Src/button.o
                0x00000000200000e8                button2
                0x00000000200000fc                button3
                0x0000000020000110                button1
 COMMON         0x0000000020000124       0x48 ./Core/Src/main.o
                0x0000000020000124                htim2
 COMMON         0x000000002000016c        0x1 ./Core/Src/mode_control.o
                0x000000002000016c                isEditted
 *fill*         0x000000002000016d        0x3 
 COMMON         0x0000000020000170       0x18 ./Core/Src/set7SEG.o
                0x0000000020000170                time_buffer
 COMMON         0x0000000020000188        0x4 ./Drivers/STM32F1xx_HAL_Driver/Src/stm32f1xx_hal.o
                0x0000000020000188                uwTick
 COMMON         0x000000002000018c        0x4 d:/stm32cubeide_1.7.0/stm32cubeide/plugins/com.st.stm32cube.ide.mcu.externaltools.gnu-tools-for-stm32.9-2020-q2-update.win32_2.0.0.202105311346/tools/bin/../lib/gcc/arm-none-eabi/9.3.1/../../../../arm-none-eabi/lib/thumb/v7-m/nofp\libc_nano.a(lib_a-reent.o)
                0x000000002000018c                errno
 COMMON         0x0000000020000190        0x9 d:/stm32cubeide_1.7.0/stm32cubeide/plugins/com.st.stm32cube.ide.mcu.externaltools.gnu-tools-for-stm32.9-2020-q2-update.win32_2.0.0.202105311346/tools/bin/../lib/gcc/arm-none-eabi/9.3.1/../../../../arm-none-eabi/lib/thumb/v7-m/nofp\libc_nano.a(lib_a-lock.o)
                0x0000000020000190                __lock___atexit_recursive_mutex
                0x0000000020000191                __lock___arc4random_mutex
                0x0000000020000192                __lock___env_recursive_mutex
                0x0000000020000193                __lock___sinit_recursive_mutex
                0x0000000020000194                __lock___malloc_recursive_mutex
                0x0000000020000195                __lock___at_quick_exit_mutex
                0x0000000020000196                __lock___dd_hash_mutex
                0x0000000020000197                __lock___tz_mutex
                0x0000000020000198                __lock___sfp_recursive_mutex
                0x000000002000019c                . = ALIGN (0x4)
 *fill*         0x0000000020000199        0x3 
                0x000000002000019c                _ebss = .
                0x000000002000019c                __bss_end__ = _ebss

._user_heap_stack
                0x000000002000019c      0x604 load address 0x0000000008003108
                0x00000000200001a0                . = ALIGN (0x8)
 *fill*         0x000000002000019c        0x4 
                [!provide]                        PROVIDE (end = .)
                0x00000000200001a0                PROVIDE (_end = .)
                0x00000000200003a0                . = (. + _Min_Heap_Size)
 *fill*         0x00000000200001a0      0x200 
                0x00000000200007a0                . = (. + _Min_Stack_Size)
 *fill*         0x00000000200003a0      0x400 
                0x00000000200007a0                . = ALIGN (0x8)

/DISCARD/
 libc.a(*)
 libm.a(*)
 libgcc.a(*)

.ARM.attributes
                0x0000000000000000       0x29
 *(.ARM.attributes)
 .ARM.attributes
                0x0000000000000000       0x1d d:/stm32cubeide_1.7.0/stm32cubeide/plugins/com.st.stm32cube.ide.mcu.externaltools.gnu-tools-for-stm32.9-2020-q2-update.win32_2.0.0.202105311346/tools/bin/../lib/gcc/arm-none-eabi/9.3.1/thumb/v7-m/nofp/crti.o
 .ARM.attributes
                0x000000000000001d       0x2d d:/stm32cubeide_1.7.0/stm32cubeide/plugins/com.st.stm32cube.ide.mcu.externaltools.gnu-tools-for-stm32.9-2020-q2-update.win32_2.0.0.202105311346/tools/bin/../lib/gcc/arm-none-eabi/9.3.1/thumb/v7-m/nofp/crtbegin.o
 .ARM.attributes
                0x000000000000004a       0x2d ./Core/Src/button.o
 .ARM.attributes
                0x0000000000000077       0x2d ./Core/Src/fsm_auto.o
 .ARM.attributes
                0x00000000000000a4       0x2d ./Core/Src/fsm_manual.o
 .ARM.attributes
                0x00000000000000d1       0x2d ./Core/Src/main.o
 .ARM.attributes
                0x00000000000000fe       0x2d ./Core/Src/mode_control.o
 .ARM.attributes
                0x000000000000012b       0x2d ./Core/Src/scheduler.o
 .ARM.attributes
                0x0000000000000158       0x2d ./Core/Src/set7SEG.o
 .ARM.attributes
                0x0000000000000185       0x2d ./Core/Src/setTrafficLed.o
 .ARM.attributes
                0x00000000000001b2       0x2d ./Core/Src/stm32f1xx_hal_msp.o
 .ARM.attributes
                0x00000000000001df       0x2d ./Core/Src/stm32f1xx_it.o
 .ARM.attributes
                0x000000000000020c       0x2d ./Core/Src/sysmem.o
 .ARM.attributes
                0x0000000000000239       0x2d ./Core/Src/system_stm32f1xx.o
 .ARM.attributes
                0x0000000000000266       0x2d ./Core/Src/taskList.o
 .ARM.attributes
                0x0000000000000293       0x21 ./Core/Startup/startup_stm32f103c6ux.o
 .ARM.attributes
                0x00000000000002b4       0x2d ./Drivers/STM32F1xx_HAL_Driver/Src/stm32f1xx_hal.o
 .ARM.attributes
                0x00000000000002e1       0x2d ./Drivers/STM32F1xx_HAL_Driver/Src/stm32f1xx_hal_cortex.o
 .ARM.attributes
                0x000000000000030e       0x2d ./Drivers/STM32F1xx_HAL_Driver/Src/stm32f1xx_hal_gpio.o
 .ARM.attributes
                0x000000000000033b       0x2d ./Drivers/STM32F1xx_HAL_Driver/Src/stm32f1xx_hal_rcc.o
 .ARM.attributes
                0x0000000000000368       0x2d ./Drivers/STM32F1xx_HAL_Driver/Src/stm32f1xx_hal_tim.o
 .ARM.attributes
                0x0000000000000395       0x2d ./Drivers/STM32F1xx_HAL_Driver/Src/stm32f1xx_hal_tim_ex.o
 .ARM.attributes
                0x00000000000003c2       0x2d d:/stm32cubeide_1.7.0/stm32cubeide/plugins/com.st.stm32cube.ide.mcu.externaltools.gnu-tools-for-stm32.9-2020-q2-update.win32_2.0.0.202105311346/tools/bin/../lib/gcc/arm-none-eabi/9.3.1/../../../../arm-none-eabi/lib/thumb/v7-m/nofp\libc_nano.a(lib_a-errno.o)
 .ARM.attributes
                0x00000000000003ef       0x2d d:/stm32cubeide_1.7.0/stm32cubeide/plugins/com.st.stm32cube.ide.mcu.externaltools.gnu-tools-for-stm32.9-2020-q2-update.win32_2.0.0.202105311346/tools/bin/../lib/gcc/arm-none-eabi/9.3.1/../../../../arm-none-eabi/lib/thumb/v7-m/nofp\libc_nano.a(lib_a-impure.o)
 .ARM.attributes
                0x000000000000041c       0x2d d:/stm32cubeide_1.7.0/stm32cubeide/plugins/com.st.stm32cube.ide.mcu.externaltools.gnu-tools-for-stm32.9-2020-q2-update.win32_2.0.0.202105311346/tools/bin/../lib/gcc/arm-none-eabi/9.3.1/../../../../arm-none-eabi/lib/thumb/v7-m/nofp\libc_nano.a(lib_a-init.o)
 .ARM.attributes
                0x0000000000000449       0x2d d:/stm32cubeide_1.7.0/stm32cubeide/plugins/com.st.stm32cube.ide.mcu.externaltools.gnu-tools-for-stm32.9-2020-q2-update.win32_2.0.0.202105311346/tools/bin/../lib/gcc/arm-none-eabi/9.3.1/../../../../arm-none-eabi/lib/thumb/v7-m/nofp\libc_nano.a(lib_a-malloc.o)
 .ARM.attributes
                0x0000000000000476       0x2d d:/stm32cubeide_1.7.0/stm32cubeide/plugins/com.st.stm32cube.ide.mcu.externaltools.gnu-tools-for-stm32.9-2020-q2-update.win32_2.0.0.202105311346/tools/bin/../lib/gcc/arm-none-eabi/9.3.1/../../../../arm-none-eabi/lib/thumb/v7-m/nofp\libc_nano.a(lib_a-memset.o)
 .ARM.attributes
                0x00000000000004a3       0x2d d:/stm32cubeide_1.7.0/stm32cubeide/plugins/com.st.stm32cube.ide.mcu.externaltools.gnu-tools-for-stm32.9-2020-q2-update.win32_2.0.0.202105311346/tools/bin/../lib/gcc/arm-none-eabi/9.3.1/../../../../arm-none-eabi/lib/thumb/v7-m/nofp\libc_nano.a(lib_a-nano-freer.o)
 .ARM.attributes
                0x00000000000004d0       0x2d d:/stm32cubeide_1.7.0/stm32cubeide/plugins/com.st.stm32cube.ide.mcu.externaltools.gnu-tools-for-stm32.9-2020-q2-update.win32_2.0.0.202105311346/tools/bin/../lib/gcc/arm-none-eabi/9.3.1/../../../../arm-none-eabi/lib/thumb/v7-m/nofp\libc_nano.a(lib_a-nano-mallocr.o)
 .ARM.attributes
                0x00000000000004fd       0x2d d:/stm32cubeide_1.7.0/stm32cubeide/plugins/com.st.stm32cube.ide.mcu.externaltools.gnu-tools-for-stm32.9-2020-q2-update.win32_2.0.0.202105311346/tools/bin/../lib/gcc/arm-none-eabi/9.3.1/../../../../arm-none-eabi/lib/thumb/v7-m/nofp\libc_nano.a(lib_a-sbrkr.o)
 .ARM.attributes
                0x000000000000052a       0x2d d:/stm32cubeide_1.7.0/stm32cubeide/plugins/com.st.stm32cube.ide.mcu.externaltools.gnu-tools-for-stm32.9-2020-q2-update.win32_2.0.0.202105311346/tools/bin/../lib/gcc/arm-none-eabi/9.3.1/../../../../arm-none-eabi/lib/thumb/v7-m/nofp\libc_nano.a(lib_a-mlock.o)
 .ARM.attributes
                0x0000000000000557       0x2d d:/stm32cubeide_1.7.0/stm32cubeide/plugins/com.st.stm32cube.ide.mcu.externaltools.gnu-tools-for-stm32.9-2020-q2-update.win32_2.0.0.202105311346/tools/bin/../lib/gcc/arm-none-eabi/9.3.1/../../../../arm-none-eabi/lib/thumb/v7-m/nofp\libc_nano.a(lib_a-reent.o)
 .ARM.attributes
                0x0000000000000584       0x2d d:/stm32cubeide_1.7.0/stm32cubeide/plugins/com.st.stm32cube.ide.mcu.externaltools.gnu-tools-for-stm32.9-2020-q2-update.win32_2.0.0.202105311346/tools/bin/../lib/gcc/arm-none-eabi/9.3.1/../../../../arm-none-eabi/lib/thumb/v7-m/nofp\libc_nano.a(lib_a-lock.o)
 .ARM.attributes
                0x00000000000005b1       0x1d d:/stm32cubeide_1.7.0/stm32cubeide/plugins/com.st.stm32cube.ide.mcu.externaltools.gnu-tools-for-stm32.9-2020-q2-update.win32_2.0.0.202105311346/tools/bin/../lib/gcc/arm-none-eabi/9.3.1/thumb/v7-m/nofp/crtn.o
OUTPUT(STM32_LAB4.elf elf32-littlearm)
LOAD linker stubs
LOAD d:/stm32cubeide_1.7.0/stm32cubeide/plugins/com.st.stm32cube.ide.mcu.externaltools.gnu-tools-for-stm32.9-2020-q2-update.win32_2.0.0.202105311346/tools/bin/../lib/gcc/arm-none-eabi/9.3.1/../../../../arm-none-eabi/lib/thumb/v7-m/nofp\libc.a
LOAD d:/stm32cubeide_1.7.0/stm32cubeide/plugins/com.st.stm32cube.ide.mcu.externaltools.gnu-tools-for-stm32.9-2020-q2-update.win32_2.0.0.202105311346/tools/bin/../lib/gcc/arm-none-eabi/9.3.1/../../../../arm-none-eabi/lib/thumb/v7-m/nofp\libm.a
LOAD d:/stm32cubeide_1.7.0/stm32cubeide/plugins/com.st.stm32cube.ide.mcu.externaltools.gnu-tools-for-stm32.9-2020-q2-update.win32_2.0.0.202105311346/tools/bin/../lib/gcc/arm-none-eabi/9.3.1/thumb/v7-m/nofp\libgcc.a

.debug_info     0x0000000000000000    0x10b32
 .debug_info    0x0000000000000000      0xe08 ./Core/Src/button.o
 .debug_info    0x0000000000000e08      0xd97 ./Core/Src/fsm_auto.o
 .debug_info    0x0000000000001b9f      0xd3b ./Core/Src/fsm_manual.o
 .debug_info    0x00000000000028da     0x1729 ./Core/Src/main.o
 .debug_info    0x0000000000004003      0xe35 ./Core/Src/mode_control.o
 .debug_info    0x0000000000004e38      0xf6c ./Core/Src/scheduler.o
 .debug_info    0x0000000000005da4      0xe18 ./Core/Src/set7SEG.o
 .debug_info    0x0000000000006bbc      0xea3 ./Core/Src/setTrafficLed.o
 .debug_info    0x0000000000007a5f      0xa09 ./Core/Src/stm32f1xx_hal_msp.o
 .debug_info    0x0000000000008468      0x7b9 ./Core/Src/stm32f1xx_it.o
 .debug_info    0x0000000000008c21      0xa25 ./Core/Src/sysmem.o
 .debug_info    0x0000000000009646      0x2be ./Core/Src/system_stm32f1xx.o
 .debug_info    0x0000000000009904      0xdbd ./Core/Src/taskList.o
 .debug_info    0x000000000000a6c1       0x22 ./Core/Startup/startup_stm32f103c6ux.o
 .debug_info    0x000000000000a6e3      0x74c ./Drivers/STM32F1xx_HAL_Driver/Src/stm32f1xx_hal.o
 .debug_info    0x000000000000ae2f      0xbbe ./Drivers/STM32F1xx_HAL_Driver/Src/stm32f1xx_hal_cortex.o
 .debug_info    0x000000000000b9ed      0x701 ./Drivers/STM32F1xx_HAL_Driver/Src/stm32f1xx_hal_gpio.o
 .debug_info    0x000000000000c0ee      0x893 ./Drivers/STM32F1xx_HAL_Driver/Src/stm32f1xx_hal_rcc.o
 .debug_info    0x000000000000c981     0x2c32 ./Drivers/STM32F1xx_HAL_Driver/Src/stm32f1xx_hal_tim.o
 .debug_info    0x000000000000f5b3     0x157f ./Drivers/STM32F1xx_HAL_Driver/Src/stm32f1xx_hal_tim_ex.o

.debug_abbrev   0x0000000000000000     0x28d7
 .debug_abbrev  0x0000000000000000      0x25c ./Core/Src/button.o
 .debug_abbrev  0x000000000000025c      0x1e6 ./Core/Src/fsm_auto.o
 .debug_abbrev  0x0000000000000442      0x1e6 ./Core/Src/fsm_manual.o
 .debug_abbrev  0x0000000000000628      0x2b4 ./Core/Src/main.o
 .debug_abbrev  0x00000000000008dc      0x249 ./Core/Src/mode_control.o
 .debug_abbrev  0x0000000000000b25      0x2a3 ./Core/Src/scheduler.o
 .debug_abbrev  0x0000000000000dc8      0x265 ./Core/Src/set7SEG.o
 .debug_abbrev  0x000000000000102d      0x236 ./Core/Src/setTrafficLed.o
 .debug_abbrev  0x0000000000001263      0x1b7 ./Core/Src/stm32f1xx_hal_msp.o
 .debug_abbrev  0x000000000000141a      0x176 ./Core/Src/stm32f1xx_it.o
 .debug_abbrev  0x0000000000001590      0x1bf ./Core/Src/sysmem.o
 .debug_abbrev  0x000000000000174f      0x14e ./Core/Src/system_stm32f1xx.o
 .debug_abbrev  0x000000000000189d      0x209 ./Core/Src/taskList.o
 .debug_abbrev  0x0000000000001aa6       0x12 ./Core/Startup/startup_stm32f103c6ux.o
 .debug_abbrev  0x0000000000001ab8      0x1ed ./Drivers/STM32F1xx_HAL_Driver/Src/stm32f1xx_hal.o
 .debug_abbrev  0x0000000000001ca5      0x313 ./Drivers/STM32F1xx_HAL_Driver/Src/stm32f1xx_hal_cortex.o
 .debug_abbrev  0x0000000000001fb8      0x1e8 ./Drivers/STM32F1xx_HAL_Driver/Src/stm32f1xx_hal_gpio.o
 .debug_abbrev  0x00000000000021a0      0x273 ./Drivers/STM32F1xx_HAL_Driver/Src/stm32f1xx_hal_rcc.o
 .debug_abbrev  0x0000000000002413      0x25e ./Drivers/STM32F1xx_HAL_Driver/Src/stm32f1xx_hal_tim.o
 .debug_abbrev  0x0000000000002671      0x266 ./Drivers/STM32F1xx_HAL_Driver/Src/stm32f1xx_hal_tim_ex.o

.debug_aranges  0x0000000000000000      0xb78
 .debug_aranges
                0x0000000000000000       0x38 ./Core/Src/button.o
 .debug_aranges
                0x0000000000000038       0x30 ./Core/Src/fsm_auto.o
 .debug_aranges
                0x0000000000000068       0x20 ./Core/Src/fsm_manual.o
 .debug_aranges
                0x0000000000000088       0x48 ./Core/Src/main.o
 .debug_aranges
                0x00000000000000d0       0x50 ./Core/Src/mode_control.o
 .debug_aranges
                0x0000000000000120       0x50 ./Core/Src/scheduler.o
 .debug_aranges
                0x0000000000000170       0x38 ./Core/Src/set7SEG.o
 .debug_aranges
                0x00000000000001a8       0x68 ./Core/Src/setTrafficLed.o
 .debug_aranges
                0x0000000000000210       0x30 ./Core/Src/stm32f1xx_hal_msp.o
 .debug_aranges
                0x0000000000000240       0x68 ./Core/Src/stm32f1xx_it.o
 .debug_aranges
                0x00000000000002a8       0x20 ./Core/Src/sysmem.o
 .debug_aranges
                0x00000000000002c8       0x28 ./Core/Src/system_stm32f1xx.o
 .debug_aranges
                0x00000000000002f0       0x60 ./Core/Src/taskList.o
 .debug_aranges
                0x0000000000000350       0x28 ./Core/Startup/startup_stm32f103c6ux.o
 .debug_aranges
                0x0000000000000378       0xe0 ./Drivers/STM32F1xx_HAL_Driver/Src/stm32f1xx_hal.o
 .debug_aranges
                0x0000000000000458      0x100 ./Drivers/STM32F1xx_HAL_Driver/Src/stm32f1xx_hal_cortex.o
 .debug_aranges
                0x0000000000000558       0x58 ./Drivers/STM32F1xx_HAL_Driver/Src/stm32f1xx_hal_gpio.o
 .debug_aranges
                0x00000000000005b0       0x90 ./Drivers/STM32F1xx_HAL_Driver/Src/stm32f1xx_hal_rcc.o
 .debug_aranges
                0x0000000000000640      0x3d0 ./Drivers/STM32F1xx_HAL_Driver/Src/stm32f1xx_hal_tim.o
 .debug_aranges
                0x0000000000000a10      0x168 ./Drivers/STM32F1xx_HAL_Driver/Src/stm32f1xx_hal_tim_ex.o

.debug_ranges   0x0000000000000000      0xa40
 .debug_ranges  0x0000000000000000       0x28 ./Core/Src/button.o
 .debug_ranges  0x0000000000000028       0x20 ./Core/Src/fsm_auto.o
 .debug_ranges  0x0000000000000048       0x10 ./Core/Src/fsm_manual.o
 .debug_ranges  0x0000000000000058       0x38 ./Core/Src/main.o
 .debug_ranges  0x0000000000000090       0x40 ./Core/Src/mode_control.o
 .debug_ranges  0x00000000000000d0       0x40 ./Core/Src/scheduler.o
 .debug_ranges  0x0000000000000110       0x28 ./Core/Src/set7SEG.o
 .debug_ranges  0x0000000000000138       0x58 ./Core/Src/setTrafficLed.o
 .debug_ranges  0x0000000000000190       0x20 ./Core/Src/stm32f1xx_hal_msp.o
 .debug_ranges  0x00000000000001b0       0x58 ./Core/Src/stm32f1xx_it.o
 .debug_ranges  0x0000000000000208       0x10 ./Core/Src/sysmem.o
 .debug_ranges  0x0000000000000218       0x18 ./Core/Src/system_stm32f1xx.o
 .debug_ranges  0x0000000000000230       0x50 ./Core/Src/taskList.o
 .debug_ranges  0x0000000000000280       0x20 ./Core/Startup/startup_stm32f103c6ux.o
 .debug_ranges  0x00000000000002a0       0xd0 ./Drivers/STM32F1xx_HAL_Driver/Src/stm32f1xx_hal.o
 .debug_ranges  0x0000000000000370       0xf0 ./Drivers/STM32F1xx_HAL_Driver/Src/stm32f1xx_hal_cortex.o
 .debug_ranges  0x0000000000000460       0x48 ./Drivers/STM32F1xx_HAL_Driver/Src/stm32f1xx_hal_gpio.o
 .debug_ranges  0x00000000000004a8       0x80 ./Drivers/STM32F1xx_HAL_Driver/Src/stm32f1xx_hal_rcc.o
 .debug_ranges  0x0000000000000528      0x3c0 ./Drivers/STM32F1xx_HAL_Driver/Src/stm32f1xx_hal_tim.o
 .debug_ranges  0x00000000000008e8      0x158 ./Drivers/STM32F1xx_HAL_Driver/Src/stm32f1xx_hal_tim_ex.o

.debug_macro    0x0000000000000000    0x19096
 .debug_macro   0x0000000000000000      0x35b ./Core/Src/button.o
 .debug_macro   0x000000000000035b      0xa9c ./Core/Src/button.o
 .debug_macro   0x0000000000000df7      0x215 ./Core/Src/button.o
 .debug_macro   0x000000000000100c       0x2e ./Core/Src/button.o
 .debug_macro   0x000000000000103a       0x22 ./Core/Src/button.o
 .debug_macro   0x000000000000105c       0x22 ./Core/Src/button.o
 .debug_macro   0x000000000000107e       0x8e ./Core/Src/button.o
 .debug_macro   0x000000000000110c       0x51 ./Core/Src/button.o
 .debug_macro   0x000000000000115d      0x103 ./Core/Src/button.o
 .debug_macro   0x0000000000001260       0x6a ./Core/Src/button.o
 .debug_macro   0x00000000000012ca      0x1df ./Core/Src/button.o
 .debug_macro   0x00000000000014a9       0x1c ./Core/Src/button.o
 .debug_macro   0x00000000000014c5       0x22 ./Core/Src/button.o
 .debug_macro   0x00000000000014e7       0xc3 ./Core/Src/button.o
 .debug_macro   0x00000000000015aa      0xd23 ./Core/Src/button.o
 .debug_macro   0x00000000000022cd     0xde75 ./Core/Src/button.o
 .debug_macro   0x0000000000010142       0x6d ./Core/Src/button.o
 .debug_macro   0x00000000000101af     0x34a2 ./Core/Src/button.o
 .debug_macro   0x0000000000013651      0x174 ./Core/Src/button.o
 .debug_macro   0x00000000000137c5       0x5c ./Core/Src/button.o
 .debug_macro   0x0000000000013821      0x5bc ./Core/Src/button.o
 .debug_macro   0x0000000000013ddd      0x1b7 ./Core/Src/button.o
 .debug_macro   0x0000000000013f94      0x1cb ./Core/Src/button.o
 .debug_macro   0x000000000001415f      0x114 ./Core/Src/button.o
 .debug_macro   0x0000000000014273      0x1b2 ./Core/Src/button.o
 .debug_macro   0x0000000000014425       0x27 ./Core/Src/button.o
 .debug_macro   0x000000000001444c      0x12f ./Core/Src/button.o
 .debug_macro   0x000000000001457b      0x1bc ./Core/Src/button.o
 .debug_macro   0x0000000000014737       0x34 ./Core/Src/button.o
 .debug_macro   0x000000000001476b       0x3c ./Core/Src/button.o
 .debug_macro   0x00000000000147a7       0x57 ./Core/Src/button.o
 .debug_macro   0x00000000000147fe       0x87 ./Core/Src/button.o
 .debug_macro   0x0000000000014885      0x183 ./Core/Src/button.o
 .debug_macro   0x0000000000014a08      0x140 ./Core/Src/button.o
 .debug_macro   0x0000000000014b48      0x8ed ./Core/Src/button.o
 .debug_macro   0x0000000000015435       0x69 ./Core/Src/button.o
 .debug_macro   0x000000000001549e      0x178 ./Core/Src/button.o
 .debug_macro   0x0000000000015616       0x52 ./Core/Src/button.o
 .debug_macro   0x0000000000015668       0x18 ./Core/Src/button.o
 .debug_macro   0x0000000000015680       0x3c ./Core/Src/button.o
 .debug_macro   0x00000000000156bc       0x34 ./Core/Src/button.o
 .debug_macro   0x00000000000156f0       0x16 ./Core/Src/button.o
 .debug_macro   0x0000000000015706       0x35 ./Core/Src/button.o
 .debug_macro   0x000000000001573b      0x333 ./Core/Src/button.o
 .debug_macro   0x0000000000015a6e       0x10 ./Core/Src/button.o
 .debug_macro   0x0000000000015a7e       0x16 ./Core/Src/button.o
 .debug_macro   0x0000000000015a94       0x43 ./Core/Src/button.o
 .debug_macro   0x0000000000015ad7       0x34 ./Core/Src/button.o
 .debug_macro   0x0000000000015b0b       0x10 ./Core/Src/button.o
 .debug_macro   0x0000000000015b1b       0x58 ./Core/Src/button.o
 .debug_macro   0x0000000000015b73       0x71 ./Core/Src/button.o
 .debug_macro   0x0000000000015be4       0x1c ./Core/Src/button.o
 .debug_macro   0x0000000000015c00      0x12a ./Core/Src/button.o
 .debug_macro   0x0000000000015d2a       0x10 ./Core/Src/button.o
 .debug_macro   0x0000000000015d3a       0x1c ./Core/Src/button.o
 .debug_macro   0x0000000000015d56       0x52 ./Core/Src/button.o
 .debug_macro   0x0000000000015da8       0x22 ./Core/Src/button.o
 .debug_macro   0x0000000000015dca       0x10 ./Core/Src/button.o
 .debug_macro   0x0000000000015dda       0x40 ./Core/Src/button.o
 .debug_macro   0x0000000000015e1a       0xd5 ./Core/Src/button.o
 .debug_macro   0x0000000000015eef       0x1c ./Core/Src/button.o
 .debug_macro   0x0000000000015f0b       0x3d ./Core/Src/button.o
 .debug_macro   0x0000000000015f48       0x16 ./Core/Src/button.o
 .debug_macro   0x0000000000015f5e      0x145 ./Core/Src/button.o
 .debug_macro   0x00000000000160a3       0x16 ./Core/Src/button.o
 .debug_macro   0x00000000000160b9       0x16 ./Core/Src/button.o
 .debug_macro   0x00000000000160cf       0x29 ./Core/Src/button.o
 .debug_macro   0x00000000000160f8       0xb2 ./Core/Src/button.o
 .debug_macro   0x00000000000161aa       0x10 ./Core/Src/button.o
 .debug_macro   0x00000000000161ba      0x38c ./Core/Src/fsm_auto.o
 .debug_macro   0x0000000000016546       0x10 ./Core/Src/fsm_auto.o
 .debug_macro   0x0000000000016556       0x16 ./Core/Src/fsm_auto.o
 .debug_macro   0x000000000001656c      0x3a4 ./Core/Src/fsm_manual.o
 .debug_macro   0x0000000000016910      0x3c0 ./Core/Src/main.o
 .debug_macro   0x0000000000016cd0      0x376 ./Core/Src/mode_control.o
 .debug_macro   0x0000000000017046      0x356 ./Core/Src/scheduler.o
 .debug_macro   0x000000000001739c      0x39c ./Core/Src/set7SEG.o
 .debug_macro   0x0000000000017738      0x363 ./Core/Src/setTrafficLed.o
 .debug_macro   0x0000000000017a9b      0x1a6 ./Core/Src/stm32f1xx_hal_msp.o
 .debug_macro   0x0000000000017c41      0x1b0 ./Core/Src/stm32f1xx_it.o
 .debug_macro   0x0000000000017df1       0xff ./Core/Src/sysmem.o
 .debug_macro   0x0000000000017ef0      0x23b ./Core/Src/sysmem.o
 .debug_macro   0x000000000001812b      0x197 ./Core/Src/system_stm32f1xx.o
 .debug_macro   0x00000000000182c2      0x3a8 ./Core/Src/taskList.o
 .debug_macro   0x000000000001866a      0x1bb ./Drivers/STM32F1xx_HAL_Driver/Src/stm32f1xx_hal.o
 .debug_macro   0x0000000000018825      0x197 ./Drivers/STM32F1xx_HAL_Driver/Src/stm32f1xx_hal_cortex.o
 .debug_macro   0x00000000000189bc      0x202 ./Drivers/STM32F1xx_HAL_Driver/Src/stm32f1xx_hal_gpio.o
 .debug_macro   0x0000000000018bbe      0x1a9 ./Drivers/STM32F1xx_HAL_Driver/Src/stm32f1xx_hal_rcc.o
 .debug_macro   0x0000000000018d67      0x198 ./Drivers/STM32F1xx_HAL_Driver/Src/stm32f1xx_hal_tim.o
 .debug_macro   0x0000000000018eff      0x197 ./Drivers/STM32F1xx_HAL_Driver/Src/stm32f1xx_hal_tim_ex.o

.debug_line     0x0000000000000000     0xe757
 .debug_line    0x0000000000000000      0x937 ./Core/Src/button.o
 .debug_line    0x0000000000000937      0x970 ./Core/Src/fsm_auto.o
 .debug_line    0x00000000000012a7      0x8ed ./Core/Src/fsm_manual.o
 .debug_line    0x0000000000001b94      0xa2a ./Core/Src/main.o
 .debug_line    0x00000000000025be      0xa5d ./Core/Src/mode_control.o
 .debug_line    0x000000000000301b      0xa24 ./Core/Src/scheduler.o
 .debug_line    0x0000000000003a3f      0x9ca ./Core/Src/set7SEG.o
 .debug_line    0x0000000000004409      0x994 ./Core/Src/setTrafficLed.o
 .debug_line    0x0000000000004d9d      0x695 ./Core/Src/stm32f1xx_hal_msp.o
 .debug_line    0x0000000000005432      0x733 ./Core/Src/stm32f1xx_it.o
 .debug_line    0x0000000000005b65      0x4e9 ./Core/Src/sysmem.o
 .debug_line    0x000000000000604e      0x6d7 ./Core/Src/system_stm32f1xx.o
 .debug_line    0x0000000000006725      0x9b6 ./Core/Src/taskList.o
 .debug_line    0x00000000000070db       0x86 ./Core/Startup/startup_stm32f103c6ux.o
 .debug_line    0x0000000000007161      0x904 ./Drivers/STM32F1xx_HAL_Driver/Src/stm32f1xx_hal.o
 .debug_line    0x0000000000007a65      0xaec ./Drivers/STM32F1xx_HAL_Driver/Src/stm32f1xx_hal_cortex.o
 .debug_line    0x0000000000008551      0x987 ./Drivers/STM32F1xx_HAL_Driver/Src/stm32f1xx_hal_gpio.o
 .debug_line    0x0000000000008ed8      0xd10 ./Drivers/STM32F1xx_HAL_Driver/Src/stm32f1xx_hal_rcc.o
 .debug_line    0x0000000000009be8     0x3355 ./Drivers/STM32F1xx_HAL_Driver/Src/stm32f1xx_hal_tim.o
 .debug_line    0x000000000000cf3d     0x181a ./Drivers/STM32F1xx_HAL_Driver/Src/stm32f1xx_hal_tim_ex.o

.debug_str      0x0000000000000000    0x87147
 .debug_str     0x0000000000000000    0x83f1f ./Core/Src/button.o
                                      0x84316 (size before relaxing)
 .debug_str     0x0000000000083f1f       0x97 ./Core/Src/fsm_auto.o
                                      0x84341 (size before relaxing)
 .debug_str     0x0000000000083fb6       0x50 ./Core/Src/fsm_manual.o
                                      0x8434a (size before relaxing)
 .debug_str     0x0000000000084006      0x722 ./Core/Src/main.o
                                      0x84b20 (size before relaxing)
 .debug_str     0x0000000000084728       0x6c ./Core/Src/mode_control.o
                                      0x8435a (size before relaxing)
 .debug_str     0x0000000000084794       0xa8 ./Core/Src/scheduler.o
                                      0x8435c (size before relaxing)
 .debug_str     0x000000000008483c       0x40 ./Core/Src/set7SEG.o
                                      0x843a0 (size before relaxing)
 .debug_str     0x000000000008487c       0xaf ./Core/Src/setTrafficLed.o
                                      0x84364 (size before relaxing)
 .debug_str     0x000000000008492b      0x2ba ./Core/Src/stm32f1xx_hal_msp.o
                                      0x80459 (size before relaxing)
 .debug_str     0x0000000000084be5       0xcd ./Core/Src/stm32f1xx_it.o
                                      0x801bb (size before relaxing)
 .debug_str     0x0000000000084cb2      0x4e9 ./Core/Src/sysmem.o
                                       0x6252 (size before relaxing)
 .debug_str     0x000000000008519b       0x52 ./Core/Src/system_stm32f1xx.o
                                      0x7f772 (size before relaxing)
 .debug_str     0x00000000000851ed       0xb1 ./Core/Src/taskList.o
                                      0x843e4 (size before relaxing)
 .debug_str     0x000000000008529e       0x66 ./Core/Startup/startup_stm32f103c6ux.o
 .debug_str     0x0000000000085304      0x304 ./Drivers/STM32F1xx_HAL_Driver/Src/stm32f1xx_hal.o
                                      0x7fdc9 (size before relaxing)
 .debug_str     0x0000000000085608      0x300 ./Drivers/STM32F1xx_HAL_Driver/Src/stm32f1xx_hal_cortex.o
                                      0x7fdd1 (size before relaxing)
 .debug_str     0x0000000000085908      0x324 ./Drivers/STM32F1xx_HAL_Driver/Src/stm32f1xx_hal_gpio.o
                                      0x7fb36 (size before relaxing)
 .debug_str     0x0000000000085c2c      0x24f ./Drivers/STM32F1xx_HAL_Driver/Src/stm32f1xx_hal_rcc.o
                                      0x7fb6f (size before relaxing)
 .debug_str     0x0000000000085e7b      0xdde ./Drivers/STM32F1xx_HAL_Driver/Src/stm32f1xx_hal_tim.o
                                      0x80b58 (size before relaxing)
 .debug_str     0x0000000000086c59      0x4ee ./Drivers/STM32F1xx_HAL_Driver/Src/stm32f1xx_hal_tim_ex.o
                                      0x802f9 (size before relaxing)

.comment        0x0000000000000000       0x53
 .comment       0x0000000000000000       0x53 ./Core/Src/button.o
                                         0x54 (size before relaxing)
 .comment       0x0000000000000053       0x54 ./Core/Src/fsm_auto.o
 .comment       0x0000000000000053       0x54 ./Core/Src/fsm_manual.o
 .comment       0x0000000000000053       0x54 ./Core/Src/main.o
 .comment       0x0000000000000053       0x54 ./Core/Src/mode_control.o
 .comment       0x0000000000000053       0x54 ./Core/Src/scheduler.o
 .comment       0x0000000000000053       0x54 ./Core/Src/set7SEG.o
 .comment       0x0000000000000053       0x54 ./Core/Src/setTrafficLed.o
 .comment       0x0000000000000053       0x54 ./Core/Src/stm32f1xx_hal_msp.o
 .comment       0x0000000000000053       0x54 ./Core/Src/stm32f1xx_it.o
 .comment       0x0000000000000053       0x54 ./Core/Src/sysmem.o
 .comment       0x0000000000000053       0x54 ./Core/Src/system_stm32f1xx.o
 .comment       0x0000000000000053       0x54 ./Core/Src/taskList.o
 .comment       0x0000000000000053       0x54 ./Drivers/STM32F1xx_HAL_Driver/Src/stm32f1xx_hal.o
 .comment       0x0000000000000053       0x54 ./Drivers/STM32F1xx_HAL_Driver/Src/stm32f1xx_hal_cortex.o
 .comment       0x0000000000000053       0x54 ./Drivers/STM32F1xx_HAL_Driver/Src/stm32f1xx_hal_gpio.o
 .comment       0x0000000000000053       0x54 ./Drivers/STM32F1xx_HAL_Driver/Src/stm32f1xx_hal_rcc.o
 .comment       0x0000000000000053       0x54 ./Drivers/STM32F1xx_HAL_Driver/Src/stm32f1xx_hal_tim.o
 .comment       0x0000000000000053       0x54 ./Drivers/STM32F1xx_HAL_Driver/Src/stm32f1xx_hal_tim_ex.o

.debug_frame    0x0000000000000000     0x2e28
 .debug_frame   0x0000000000000000       0xa0 ./Core/Src/button.o
 .debug_frame   0x00000000000000a0       0x64 ./Core/Src/fsm_auto.o
 .debug_frame   0x0000000000000104       0x2c ./Core/Src/fsm_manual.o
 .debug_frame   0x0000000000000130       0xd4 ./Core/Src/main.o
 .debug_frame   0x0000000000000204       0xf4 ./Core/Src/mode_control.o
 .debug_frame   0x00000000000002f8      0x100 ./Core/Src/scheduler.o
 .debug_frame   0x00000000000003f8       0xa0 ./Core/Src/set7SEG.o
 .debug_frame   0x0000000000000498      0x138 ./Core/Src/setTrafficLed.o
 .debug_frame   0x00000000000005d0       0x80 ./Core/Src/stm32f1xx_hal_msp.o
 .debug_frame   0x0000000000000650      0x120 ./Core/Src/stm32f1xx_it.o
 .debug_frame   0x0000000000000770       0x34 ./Core/Src/sysmem.o
 .debug_frame   0x00000000000007a4       0x58 ./Core/Src/system_stm32f1xx.o
 .debug_frame   0x00000000000007fc      0x114 ./Core/Src/taskList.o
 .debug_frame   0x0000000000000910      0x334 ./Drivers/STM32F1xx_HAL_Driver/Src/stm32f1xx_hal.o
 .debug_frame   0x0000000000000c44      0x428 ./Drivers/STM32F1xx_HAL_Driver/Src/stm32f1xx_hal_cortex.o
 .debug_frame   0x000000000000106c      0x14c ./Drivers/STM32F1xx_HAL_Driver/Src/stm32f1xx_hal_gpio.o
 .debug_frame   0x00000000000011b8      0x218 ./Drivers/STM32F1xx_HAL_Driver/Src/stm32f1xx_hal_rcc.o
 .debug_frame   0x00000000000013d0     0x11b4 ./Drivers/STM32F1xx_HAL_Driver/Src/stm32f1xx_hal_tim.o
 .debug_frame   0x0000000000002584      0x638 ./Drivers/STM32F1xx_HAL_Driver/Src/stm32f1xx_hal_tim_ex.o
 .debug_frame   0x0000000000002bbc       0x20 d:/stm32cubeide_1.7.0/stm32cubeide/plugins/com.st.stm32cube.ide.mcu.externaltools.gnu-tools-for-stm32.9-2020-q2-update.win32_2.0.0.202105311346/tools/bin/../lib/gcc/arm-none-eabi/9.3.1/../../../../arm-none-eabi/lib/thumb/v7-m/nofp\libc_nano.a(lib_a-errno.o)
 .debug_frame   0x0000000000002bdc       0x2c d:/stm32cubeide_1.7.0/stm32cubeide/plugins/com.st.stm32cube.ide.mcu.externaltools.gnu-tools-for-stm32.9-2020-q2-update.win32_2.0.0.202105311346/tools/bin/../lib/gcc/arm-none-eabi/9.3.1/../../../../arm-none-eabi/lib/thumb/v7-m/nofp\libc_nano.a(lib_a-init.o)
 .debug_frame   0x0000000000002c08       0x30 d:/stm32cubeide_1.7.0/stm32cubeide/plugins/com.st.stm32cube.ide.mcu.externaltools.gnu-tools-for-stm32.9-2020-q2-update.win32_2.0.0.202105311346/tools/bin/../lib/gcc/arm-none-eabi/9.3.1/../../../../arm-none-eabi/lib/thumb/v7-m/nofp\libc_nano.a(lib_a-malloc.o)
 .debug_frame   0x0000000000002c38       0x20 d:/stm32cubeide_1.7.0/stm32cubeide/plugins/com.st.stm32cube.ide.mcu.externaltools.gnu-tools-for-stm32.9-2020-q2-update.win32_2.0.0.202105311346/tools/bin/../lib/gcc/arm-none-eabi/9.3.1/../../../../arm-none-eabi/lib/thumb/v7-m/nofp\libc_nano.a(lib_a-memset.o)
 .debug_frame   0x0000000000002c58       0x38 d:/stm32cubeide_1.7.0/stm32cubeide/plugins/com.st.stm32cube.ide.mcu.externaltools.gnu-tools-for-stm32.9-2020-q2-update.win32_2.0.0.202105311346/tools/bin/../lib/gcc/arm-none-eabi/9.3.1/../../../../arm-none-eabi/lib/thumb/v7-m/nofp\libc_nano.a(lib_a-nano-freer.o)
 .debug_frame   0x0000000000002c90       0x30 d:/stm32cubeide_1.7.0/stm32cubeide/plugins/com.st.stm32cube.ide.mcu.externaltools.gnu-tools-for-stm32.9-2020-q2-update.win32_2.0.0.202105311346/tools/bin/../lib/gcc/arm-none-eabi/9.3.1/../../../../arm-none-eabi/lib/thumb/v7-m/nofp\libc_nano.a(lib_a-nano-mallocr.o)
 .debug_frame   0x0000000000002cc0       0x2c d:/stm32cubeide_1.7.0/stm32cubeide/plugins/com.st.stm32cube.ide.mcu.externaltools.gnu-tools-for-stm32.9-2020-q2-update.win32_2.0.0.202105311346/tools/bin/../lib/gcc/arm-none-eabi/9.3.1/../../../../arm-none-eabi/lib/thumb/v7-m/nofp\libc_nano.a(lib_a-sbrkr.o)
 .debug_frame   0x0000000000002cec       0x30 d:/stm32cubeide_1.7.0/stm32cubeide/plugins/com.st.stm32cube.ide.mcu.externaltools.gnu-tools-for-stm32.9-2020-q2-update.win32_2.0.0.202105311346/tools/bin/../lib/gcc/arm-none-eabi/9.3.1/../../../../arm-none-eabi/lib/thumb/v7-m/nofp\libc_nano.a(lib_a-mlock.o)
 .debug_frame   0x0000000000002d1c       0x5c d:/stm32cubeide_1.7.0/stm32cubeide/plugins/com.st.stm32cube.ide.mcu.externaltools.gnu-tools-for-stm32.9-2020-q2-update.win32_2.0.0.202105311346/tools/bin/../lib/gcc/arm-none-eabi/9.3.1/../../../../arm-none-eabi/lib/thumb/v7-m/nofp\libc_nano.a(lib_a-reent.o)
 .debug_frame   0x0000000000002d78       0xb0 d:/stm32cubeide_1.7.0/stm32cubeide/plugins/com.st.stm32cube.ide.mcu.externaltools.gnu-tools-for-stm32.9-2020-q2-update.win32_2.0.0.202105311346/tools/bin/../lib/gcc/arm-none-eabi/9.3.1/../../../../arm-none-eabi/lib/thumb/v7-m/nofp\libc_nano.a(lib_a-lock.o)
