Archive member included to satisfy reference by file (symbol)

d:/stm32cubeide_1.7.0/stm32cubeide/plugins/com.st.stm32cube.ide.mcu.externaltools.gnu-tools-for-stm32.9-2020-q2-update.win32_2.0.0.202105311346/tools/bin/../lib/gcc/arm-none-eabi/9.3.1/../../../../arm-none-eabi/lib/thumb/v7-m/nofp\libc_nano.a(lib_a-errno.o)
                              ./Core/Src/syscalls.o (__errno)
d:/stm32cubeide_1.7.0/stm32cubeide/plugins/com.st.stm32cube.ide.mcu.externaltools.gnu-tools-for-stm32.9-2020-q2-update.win32_2.0.0.202105311346/tools/bin/../lib/gcc/arm-none-eabi/9.3.1/../../../../arm-none-eabi/lib/thumb/v7-m/nofp\libc_nano.a(lib_a-exit.o)
                              d:/stm32cubeide_1.7.0/stm32cubeide/plugins/com.st.stm32cube.ide.mcu.externaltools.gnu-tools-for-stm32.9-2020-q2-update.win32_2.0.0.202105311346/tools/bin/../lib/gcc/arm-none-eabi/9.3.1/../../../../arm-none-eabi/lib/thumb/v7-m/nofp/crt0.o (exit)
d:/stm32cubeide_1.7.0/stm32cubeide/plugins/com.st.stm32cube.ide.mcu.externaltools.gnu-tools-for-stm32.9-2020-q2-update.win32_2.0.0.202105311346/tools/bin/../lib/gcc/arm-none-eabi/9.3.1/../../../../arm-none-eabi/lib/thumb/v7-m/nofp\libc_nano.a(lib_a-impure.o)
                              d:/stm32cubeide_1.7.0/stm32cubeide/plugins/com.st.stm32cube.ide.mcu.externaltools.gnu-tools-for-stm32.9-2020-q2-update.win32_2.0.0.202105311346/tools/bin/../lib/gcc/arm-none-eabi/9.3.1/../../../../arm-none-eabi/lib/thumb/v7-m/nofp\libc_nano.a(lib_a-exit.o) (_global_impure_ptr)
d:/stm32cubeide_1.7.0/stm32cubeide/plugins/com.st.stm32cube.ide.mcu.externaltools.gnu-tools-for-stm32.9-2020-q2-update.win32_2.0.0.202105311346/tools/bin/../lib/gcc/arm-none-eabi/9.3.1/../../../../arm-none-eabi/lib/thumb/v7-m/nofp\libc_nano.a(lib_a-init.o)
                              d:/stm32cubeide_1.7.0/stm32cubeide/plugins/com.st.stm32cube.ide.mcu.externaltools.gnu-tools-for-stm32.9-2020-q2-update.win32_2.0.0.202105311346/tools/bin/../lib/gcc/arm-none-eabi/9.3.1/../../../../arm-none-eabi/lib/thumb/v7-m/nofp/crt0.o (__libc_init_array)
d:/stm32cubeide_1.7.0/stm32cubeide/plugins/com.st.stm32cube.ide.mcu.externaltools.gnu-tools-for-stm32.9-2020-q2-update.win32_2.0.0.202105311346/tools/bin/../lib/gcc/arm-none-eabi/9.3.1/../../../../arm-none-eabi/lib/thumb/v7-m/nofp\libc_nano.a(lib_a-memset.o)
                              d:/stm32cubeide_1.7.0/stm32cubeide/plugins/com.st.stm32cube.ide.mcu.externaltools.gnu-tools-for-stm32.9-2020-q2-update.win32_2.0.0.202105311346/tools/bin/../lib/gcc/arm-none-eabi/9.3.1/../../../../arm-none-eabi/lib/thumb/v7-m/nofp/crt0.o (memset)

Allocating common symbols
Common symbol       size              file

timer2              0x8               ./Core/Src/sw_timer.o
time_buffer         0x18              ./Core/Src/set7SEG.o
uwTick              0x4               ./Drivers/STM32F1xx_HAL_Driver/Src/stm32f1xx_hal.o
pFlash              0x20              ./Drivers/STM32F1xx_HAL_Driver/Src/stm32f1xx_hal_flash.o
timeNoReact         0x8               ./Core/Src/sw_timer.o
timerBlinky1        0x8               ./Core/Src/sw_timer.o
button2             0x14              ./Core/Src/button.o
timer4              0x8               ./Core/Src/sw_timer.o
button3             0x14              ./Core/Src/button.o
timer1              0x8               ./Core/Src/sw_timer.o
htim2               0x48              ./Core/Src/main.o
isEditted           0x1               ./Core/Src/mode_control.o
button1             0x14              ./Core/Src/button.o
timerBlinky2        0x8               ./Core/Src/sw_timer.o
timerTestLed        0x8               ./Core/Src/sw_timer.o
timer3              0x8               ./Core/Src/sw_timer.o

Discarded input sections

 .text          0x0000000000000000        0x0 d:/stm32cubeide_1.7.0/stm32cubeide/plugins/com.st.stm32cube.ide.mcu.externaltools.gnu-tools-for-stm32.9-2020-q2-update.win32_2.0.0.202105311346/tools/bin/../lib/gcc/arm-none-eabi/9.3.1/thumb/v7-m/nofp/crti.o
 .data          0x0000000000000000        0x0 d:/stm32cubeide_1.7.0/stm32cubeide/plugins/com.st.stm32cube.ide.mcu.externaltools.gnu-tools-for-stm32.9-2020-q2-update.win32_2.0.0.202105311346/tools/bin/../lib/gcc/arm-none-eabi/9.3.1/thumb/v7-m/nofp/crti.o
 .bss           0x0000000000000000        0x0 d:/stm32cubeide_1.7.0/stm32cubeide/plugins/com.st.stm32cube.ide.mcu.externaltools.gnu-tools-for-stm32.9-2020-q2-update.win32_2.0.0.202105311346/tools/bin/../lib/gcc/arm-none-eabi/9.3.1/thumb/v7-m/nofp/crti.o
 .data          0x0000000000000000        0x4 d:/stm32cubeide_1.7.0/stm32cubeide/plugins/com.st.stm32cube.ide.mcu.externaltools.gnu-tools-for-stm32.9-2020-q2-update.win32_2.0.0.202105311346/tools/bin/../lib/gcc/arm-none-eabi/9.3.1/thumb/v7-m/nofp/crtbegin.o
 .text          0x0000000000000000       0x7c d:/stm32cubeide_1.7.0/stm32cubeide/plugins/com.st.stm32cube.ide.mcu.externaltools.gnu-tools-for-stm32.9-2020-q2-update.win32_2.0.0.202105311346/tools/bin/../lib/gcc/arm-none-eabi/9.3.1/../../../../arm-none-eabi/lib/thumb/v7-m/nofp/crt0.o
[...]
Memory Configuration

Name             Origin             Length             Attributes
RAM              0x0000000020000000 0x0000000000002800 xrw
FLASH            0x0000000008000000 0x0000000000008000 xr
*default*        0x0000000000000000 0xffffffffffffffff

Linker script and memory map

LOAD d:/stm32cubeide_1.7.0/stm32cubeide/plugins/com.st.stm32cube.ide.mcu.externaltools.gnu-tools-for-stm32.9-2020-q2-update.win32_2.0.0.202105311346/tools/bin/../lib/gcc/arm-none-eabi/9.3.1/thumb/v7-m/nofp/crti.o
LOAD d:/stm32cubeide_1.7.0/stm32cubeide/plugins/com.st.stm32cube.ide.mcu.externaltools.gnu-tools-for-stm32.9-2020-q2-update.win32_2.0.0.202105311346/tools/bin/../lib/gcc/arm-none-eabi/9.3.1/thumb/v7-m/nofp/crtbegin.o
LOAD d:/stm32cubeide_1.7.0/stm32cubeide/plugins/com.st.stm32cube.ide.mcu.externaltools.gnu-tools-for-stm32.9-2020-q2-update.win32_2.0.0.202105311346/tools/bin/../lib/gcc/arm-none-eabi/9.3.1/../../../../arm-none-eabi/lib/thumb/v7-m/nofp/crt0.o
LOAD ./Core/Src/button.o
LOAD ./Core/Src/fsm_auto.o
LOAD ./Core/Src/fsm_manual.o
LOAD ./Core/Src/global.o
LOAD ./Core/Src/main.o
LOAD ./Core/Src/mode_control.o
LOAD ./Core/Src/set7SEG.o
LOAD ./Core/Src/setTrafficLed.o
LOAD ./Core/Src/stm32f1xx_hal_msp.o
LOAD ./Core/Src/stm32f1xx_it.o
LOAD ./Core/Src/sw_timer.o
LOAD ./Core/Src/syscalls.o
LOAD ./Core/Src/sysmem.o
LOAD ./Core/Src/system_stm32f1xx.o
LOAD ./Core/Startup/startup_stm32f103c6ux.o
LOAD ./Drivers/STM32F1xx_HAL_Driver/Src/stm32f1xx_hal.o
LOAD ./Drivers/STM32F1xx_HAL_Driver/Src/stm32f1xx_hal_cortex.o
LOAD ./Drivers/STM32F1xx_HAL_Driver/Src/stm32f1xx_hal_dma.o
LOAD ./Drivers/STM32F1xx_HAL_Driver/Src/stm32f1xx_hal_exti.o
LOAD ./Drivers/STM32F1xx_HAL_Driver/Src/stm32f1xx_hal_flash.o
LOAD ./Drivers/STM32F1xx_HAL_Driver/Src/stm32f1xx_hal_flash_ex.o
LOAD ./Drivers/STM32F1xx_HAL_Driver/Src/stm32f1xx_hal_gpio.o
LOAD ./Drivers/STM32F1xx_HAL_Driver/Src/stm32f1xx_hal_gpio_ex.o
LOAD ./Drivers/STM32F1xx_HAL_Driver/Src/stm32f1xx_hal_pwr.o
LOAD ./Drivers/STM32F1xx_HAL_Driver/Src/stm32f1xx_hal_rcc.o
LOAD ./Drivers/STM32F1xx_HAL_Driver/Src/stm32f1xx_hal_rcc_ex.o
LOAD ./Drivers/STM32F1xx_HAL_Driver/Src/stm32f1xx_hal_tim.o
LOAD ./Drivers/STM32F1xx_HAL_Driver/Src/stm32f1xx_hal_tim_ex.o
START GROUP
LOAD d:/stm32cubeide_1.7.0/stm32cubeide/plugins/com.st.stm32cube.ide.mcu.externaltools.gnu-tools-for-stm32.9-2020-q2-update.win32_2.0.0.202105311346/tools/bin/../lib/gcc/arm-none-eabi/9.3.1/../../../../arm-none-eabi/lib/thumb/v7-m/nofp\libc_nano.a
LOAD d:/stm32cubeide_1.7.0/stm32cubeide/plugins/com.st.stm32cube.ide.mcu.externaltools.gnu-tools-for-stm32.9-2020-q2-update.win32_2.0.0.202105311346/tools/bin/../lib/gcc/arm-none-eabi/9.3.1/../../../../arm-none-eabi/lib/thumb/v7-m/nofp\libm.a
END GROUP
START GROUP
LOAD d:/stm32cubeide_1.7.0/stm32cubeide/plugins/com.st.stm32cube.ide.mcu.externaltools.gnu-tools-for-stm32.9-2020-q2-update.win32_2.0.0.202105311346/tools/bin/../lib/gcc/arm-none-eabi/9.3.1/thumb/v7-m/nofp\libgcc.a
LOAD d:/stm32cubeide_1.7.0/stm32cubeide/plugins/com.st.stm32cube.ide.mcu.externaltools.gnu-tools-for-stm32.9-2020-q2-update.win32_2.0.0.202105311346/tools/bin/../lib/gcc/arm-none-eabi/9.3.1/../../../../arm-none-eabi/lib/thumb/v7-m/nofp\libc_nano.a
END GROUP
START GROUP
LOAD d:/stm32cubeide_1.7.0/stm32cubeide/plugins/com.st.stm32cube.ide.mcu.externaltools.gnu-tools-for-stm32.9-2020-q2-update.win32_2.0.0.202105311346/tools/bin/../lib/gcc/arm-none-eabi/9.3.1/thumb/v7-m/nofp\libgcc.a
LOAD d:/stm32cubeide_1.7.0/stm32cubeide/plugins/com.st.stm32cube.ide.mcu.externaltools.gnu-tools-for-stm32.9-2020-q2-update.win32_2.0.0.202105311346/tools/bin/../lib/gcc/arm-none-eabi/9.3.1/../../../../arm-none-eabi/lib/thumb/v7-m/nofp\libc_nano.a
LOAD d:/stm32cubeide_1.7.0/stm32cubeide/plugins/com.st.stm32cube.ide.mcu.externaltools.gnu-tools-for-stm32.9-2020-q2-update.win32_2.0.0.202105311346/tools/bin/../lib/gcc/arm-none-eabi/9.3.1/../../../../arm-none-eabi/lib/thumb/v7-m/nofp\libnosys.a
END GROUP
START GROUP
LOAD d:/stm32cubeide_1.7.0/stm32cubeide/plugins/com.st.stm32cube.ide.mcu.externaltools.gnu-tools-for-stm32.9-2020-q2-update.win32_2.0.0.202105311346/tools/bin/../lib/gcc/arm-none-eabi/9.3.1/thumb/v7-m/nofp\libgcc.a
LOAD d:/stm32cubeide_1.7.0/stm32cubeide/plugins/com.st.stm32cube.ide.mcu.externaltools.gnu-tools-for-stm32.9-2020-q2-update.win32_2.0.0.202105311346/tools/bin/../lib/gcc/arm-none-eabi/9.3.1/../../../../arm-none-eabi/lib/thumb/v7-m/nofp\libc_nano.a
LOAD d:/stm32cubeide_1.7.0/stm32cubeide/plugins/com.st.stm32cube.ide.mcu.externaltools.gnu-tools-for-stm32.9-2020-q2-update.win32_2.0.0.202105311346/tools/bin/../lib/gcc/arm-none-eabi/9.3.1/../../../../arm-none-eabi/lib/thumb/v7-m/nofp\libnosys.a
END GROUP
LOAD d:/stm32cubeide_1.7.0/stm32cubeide/plugins/com.st.stm32cube.ide.mcu.externaltools.gnu-tools-for-stm32.9-2020-q2-update.win32_2.0.0.202105311346/tools/bin/../lib/gcc/arm-none-eabi/9.3.1/thumb/v7-m/nofp/crtend.o
LOAD d:/stm32cubeide_1.7.0/stm32cubeide/plugins/com.st.stm32cube.ide.mcu.externaltools.gnu-tools-for-stm32.9-2020-q2-update.win32_2.0.0.202105311346/tools/bin/../lib/gcc/arm-none-eabi/9.3.1/thumb/v7-m/nofp/crtn.o
                0x0000000020002800                _estack = (ORIGIN (RAM) + LENGTH (RAM))
                0x0000000000000200                _Min_Heap_Size = 0x200
                0x0000000000000400                _Min_Stack_Size = 0x400

.isr_vector     0x0000000008000000      0x10c
                0x0000000008000000                . = ALIGN (0x4)
 *(.isr_vector)
 .isr_vector    0x0000000008000000      0x10c ./Core/Startup/startup_stm32f103c6ux.o
                0x0000000008000000                g_pfnVectors
                0x000000000800010c                . = ALIGN (0x4)

.text           0x000000000800010c     0x2c94
                0x000000000800010c                . = ALIGN (0x4)
 *(.text)
 .text          0x000000000800010c       0x40 d:/stm32cubeide_1.7.0/stm32cubeide/plugins/com.st.stm32cube.ide.mcu.externaltools.gnu-tools-for-stm32.9-2020-q2-update.win32_2.0.0.202105311346/tools/bin/../lib/gcc/arm-none-eabi/9.3.1/thumb/v7-m/nofp/crtbegin.o
 *(.text*)
 .text.initButton
                0x000000000800014c       0x4c ./Core/Src/button.o
                0x000000000800014c                initButton
 .text.getKeyInput
                0x0000000008000198       0xa0 ./Core/Src/button.o
                0x0000000008000198                getKeyInput
 .text.initAllButtons
                0x0000000008000238       0x3c ./Core/Src/button.o
                0x0000000008000238                initAllButtons
 .text.isButtonPressed
                0x0000000008000274       0x26 ./Core/Src/button.o
                0x0000000008000274                isButtonPressed
 *fill*         0x000000000800029a        0x2 
 .text.fsm_auto_run_main
                0x000000000800029c      0x138 ./Core/Src/fsm_auto.o
                0x000000000800029c                fsm_auto_run_main
 .text.fsm_auto_run_sub
                0x00000000080003d4      0x138 ./Core/Src/fsm_auto.o
                0x00000000080003d4                fsm_auto_run_sub
 .text.fsm_auto_run
                0x000000000800050c       0x14 ./Core/Src/fsm_auto.o
                0x000000000800050c                fsm_auto_run
 .text.fsm_manual_run
                0x0000000008000520       0xc0 ./Core/Src/fsm_manual.o
                0x0000000008000520                fsm_manual_run
 .text.main     0x00000000080005e0      0x11c ./Core/Src/main.o
                0x00000000080005e0                main
 .text.SystemClock_Config
                0x00000000080006fc       0x76 ./Core/Src/main.o
                0x00000000080006fc                SystemClock_Config
 *fill*         0x0000000008000772        0x2 
 .text.MX_TIM2_Init
                0x0000000008000774       0x98 ./Core/Src/main.o
 .text.MX_GPIO_Init
                0x000000000800080c       0xc8 ./Core/Src/main.o
 .text.HAL_TIM_PeriodElapsedCallback
                0x00000000080008d4       0x80 ./Core/Src/main.o
                0x00000000080008d4                HAL_TIM_PeriodElapsedCallback
 .text.Error_Handler
                0x0000000008000954        0xa ./Core/Src/main.o
                0x0000000008000954                Error_Handler
 *fill*         0x000000000800095e        0x2 
 .text.switchManualState
                0x0000000008000960       0x58 ./Core/Src/mode_control.o
                0x0000000008000960                switchManualState
 .text.clamp    0x00000000080009b8       0x28 ./Core/Src/mode_control.o
                0x00000000080009b8                clamp
 .text.entryState
                0x00000000080009e0       0xb0 ./Core/Src/mode_control.o
                0x00000000080009e0                entryState
 .text.restoreBackup
                0x0000000008000a90       0x48 ./Core/Src/mode_control.o
                0x0000000008000a90                restoreBackup
 .text.checkMode
                0x0000000008000ad8       0x48 ./Core/Src/mode_control.o
                0x0000000008000ad8                checkMode
 .text.updateManualTime
                0x0000000008000b20       0xe4 ./Core/Src/mode_control.o
                0x0000000008000b20                updateManualTime
 .text.saveManualTime
                0x0000000008000c04      0x110 ./Core/Src/mode_control.o
                0x0000000008000c04                saveManualTime
 .text.display7SEG
                0x0000000008000d14      0x320 ./Core/Src/set7SEG.o
                0x0000000008000d14                display7SEG
 .text.updateCountTime
                0x0000000008001034       0xcc ./Core/Src/set7SEG.o
                0x0000000008001034                updateCountTime
 .text.showTime
                0x0000000008001100       0xb0 ./Core/Src/set7SEG.o
                0x0000000008001100                showTime
 .text.updateCountdown
                0x00000000080011b0       0x60 ./Core/Src/set7SEG.o
                0x00000000080011b0                updateCountdown
 .text.turnOffMainLeds
                0x0000000008001210       0x4c ./Core/Src/setTrafficLed.o
                0x0000000008001210                turnOffMainLeds
 .text.turnOffSubLeds
                0x000000000800125c       0x54 ./Core/Src/setTrafficLed.o
                0x000000000800125c                turnOffSubLeds
 .text.blinkyLedMain
                0x00000000080012b0       0x4c ./Core/Src/setTrafficLed.o
                0x00000000080012b0                blinkyLedMain
 .text.blinkyLedSub
                0x00000000080012fc       0x4c ./Core/Src/setTrafficLed.o
                0x00000000080012fc                blinkyLedSub
 .text.redOnMain
                0x0000000008001348       0x44 ./Core/Src/setTrafficLed.o
                0x0000000008001348                redOnMain
 .text.yellowOnMain
                0x000000000800138c       0x44 ./Core/Src/setTrafficLed.o
                0x000000000800138c                yellowOnMain
 .text.greenOnMain
                0x00000000080013d0       0x44 ./Core/Src/setTrafficLed.o
                0x00000000080013d0                greenOnMain
 .text.redOnSub
                0x0000000008001414       0x4c ./Core/Src/setTrafficLed.o
                0x0000000008001414                redOnSub
 .text.yellowOnSub
                0x0000000008001460       0x4c ./Core/Src/setTrafficLed.o
                0x0000000008001460                yellowOnSub
 .text.greenOnSub
                0x00000000080014ac       0x4c ./Core/Src/setTrafficLed.o
                0x00000000080014ac                greenOnSub
 .text.HAL_MspInit
                0x00000000080014f8       0x64 ./Core/Src/stm32f1xx_hal_msp.o
                0x00000000080014f8                HAL_MspInit
 .text.HAL_TIM_Base_MspInit
                0x000000000800155c       0x48 ./Core/Src/stm32f1xx_hal_msp.o
                0x000000000800155c                HAL_TIM_Base_MspInit
 .text.NMI_Handler
                0x00000000080015a4        0x6 ./Core/Src/stm32f1xx_it.o
                0x00000000080015a4                NMI_Handler
 .text.HardFault_Handler
                0x00000000080015aa        0x6 ./Core/Src/stm32f1xx_it.o
                0x00000000080015aa                HardFault_Handler
 .text.MemManage_Handler
                0x00000000080015b0        0x6 ./Core/Src/stm32f1xx_it.o
                0x00000000080015b0                MemManage_Handler
 .text.BusFault_Handler
                0x00000000080015b6        0x6 ./Core/Src/stm32f1xx_it.o
                0x00000000080015b6                BusFault_Handler
 .text.UsageFault_Handler
                0x00000000080015bc        0x6 ./Core/Src/stm32f1xx_it.o
                0x00000000080015bc                UsageFault_Handler
 .text.SVC_Handler
                0x00000000080015c2        0xc ./Core/Src/stm32f1xx_it.o
                0x00000000080015c2                SVC_Handler
 .text.DebugMon_Handler
                0x00000000080015ce        0xc ./Core/Src/stm32f1xx_it.o
                0x00000000080015ce                DebugMon_Handler
 .text.PendSV_Handler
                0x00000000080015da        0xc ./Core/Src/stm32f1xx_it.o
                0x00000000080015da                PendSV_Handler
 .text.SysTick_Handler
                0x00000000080015e6        0xc ./Core/Src/stm32f1xx_it.o
                0x00000000080015e6                SysTick_Handler
 *fill*         0x00000000080015f2        0x2 
 .text.TIM2_IRQHandler
                0x00000000080015f4       0x14 ./Core/Src/stm32f1xx_it.o
                0x00000000080015f4                TIM2_IRQHandler
 .text.initTimer
                0x0000000008001608       0x1e ./Core/Src/sw_timer.o
                0x0000000008001608                initTimer
 *fill*         0x0000000008001626        0x2 
 .text.setTimer
                0x0000000008001628       0x2c ./Core/Src/sw_timer.o
                0x0000000008001628                setTimer
 .text.timerRun
                0x0000000008001654       0x32 ./Core/Src/sw_timer.o
                0x0000000008001654                timerRun
 .text.isTimerExpired
                0x0000000008001686       0x26 ./Core/Src/sw_timer.o
                0x0000000008001686                isTimerExpired
 .text.initAllTimer
                0x00000000080016ac       0x58 ./Core/Src/sw_timer.o
                0x00000000080016ac                initAllTimer
 .text.SystemInit
                0x0000000008001704        0xc ./Core/Src/system_stm32f1xx.o
                0x0000000008001704                SystemInit
 .text.Reset_Handler
                0x0000000008001710       0x48 ./Core/Startup/startup_stm32f103c6ux.o
                0x0000000008001710                Reset_Handler
 .text.Default_Handler
                0x0000000008001758        0x2 ./Core/Startup/startup_stm32f103c6ux.o
                0x0000000008001758                RTC_Alarm_IRQHandler
                0x0000000008001758                EXTI2_IRQHandler
                0x0000000008001758                TIM1_CC_IRQHandler
                0x0000000008001758                PVD_IRQHandler
                0x0000000008001758                EXTI3_IRQHandler
                0x0000000008001758                EXTI0_IRQHandler
                0x0000000008001758                ADC1_2_IRQHandler
                0x0000000008001758                SPI1_IRQHandler
                0x0000000008001758                TAMPER_IRQHandler
                0x0000000008001758                DMA1_Channel4_IRQHandler
                0x0000000008001758                RTC_IRQHandler
                0x0000000008001758                DMA1_Channel7_IRQHandler
                0x0000000008001758                CAN1_RX1_IRQHandler
                0x0000000008001758                I2C1_EV_IRQHandler
                0x0000000008001758                DMA1_Channel6_IRQHandler
                0x0000000008001758                TIM3_IRQHandler
                0x0000000008001758                RCC_IRQHandler
                0x0000000008001758                TIM1_TRG_COM_IRQHandler
                0x0000000008001758                DMA1_Channel1_IRQHandler
                0x0000000008001758                Default_Handler
                0x0000000008001758                EXTI15_10_IRQHandler
                0x0000000008001758                EXTI9_5_IRQHandler
                0x0000000008001758                DMA1_Channel5_IRQHandler
                0x0000000008001758                EXTI4_IRQHandler
                0x0000000008001758                USB_LP_CAN1_RX0_IRQHandler
                0x0000000008001758                USB_HP_CAN1_TX_IRQHandler
                0x0000000008001758                DMA1_Channel3_IRQHandler
                0x0000000008001758                TIM1_UP_IRQHandler
                0x0000000008001758                WWDG_IRQHandler
                0x0000000008001758                TIM1_BRK_IRQHandler
                0x0000000008001758                EXTI1_IRQHandler
                0x0000000008001758                USART2_IRQHandler
                0x0000000008001758                DMA1_Channel2_IRQHandler
                0x0000000008001758                CAN1_SCE_IRQHandler
                0x0000000008001758                FLASH_IRQHandler
                0x0000000008001758                USART1_IRQHandler
                0x0000000008001758                I2C1_ER_IRQHandler
                0x0000000008001758                USBWakeUp_IRQHandler
 *fill*         0x000000000800175a        0x2 
 .text.HAL_Init
                0x000000000800175c       0x2c ./Drivers/STM32F1xx_HAL_Driver/Src/stm32f1xx_hal.o
                0x000000000800175c                HAL_Init
 .text.HAL_InitTick
                0x0000000008001788       0x60 ./Drivers/STM32F1xx_HAL_Driver/Src/stm32f1xx_hal.o
                0x0000000008001788                HAL_InitTick
 .text.HAL_IncTick
                0x00000000080017e8       0x24 ./Drivers/STM32F1xx_HAL_Driver/Src/stm32f1xx_hal.o
                0x00000000080017e8                HAL_IncTick
 .text.HAL_GetTick
                0x000000000800180c       0x14 ./Drivers/STM32F1xx_HAL_Driver/Src/stm32f1xx_hal.o
                0x000000000800180c                HAL_GetTick
 .text.__NVIC_SetPriorityGrouping
                0x0000000008001820       0x48 ./Drivers/STM32F1xx_HAL_Driver/Src/stm32f1xx_hal_cortex.o
 .text.__NVIC_GetPriorityGrouping
                0x0000000008001868       0x1c ./Drivers/STM32F1xx_HAL_Driver/Src/stm32f1xx_hal_cortex.o
 .text.__NVIC_EnableIRQ
                0x0000000008001884       0x38 ./Drivers/STM32F1xx_HAL_Driver/Src/stm32f1xx_hal_cortex.o
 .text.__NVIC_SetPriority
                0x00000000080018bc       0x54 ./Drivers/STM32F1xx_HAL_Driver/Src/stm32f1xx_hal_cortex.o
 .text.NVIC_EncodePriority
                0x0000000008001910       0x64 ./Drivers/STM32F1xx_HAL_Driver/Src/stm32f1xx_hal_cortex.o
 .text.SysTick_Config
                0x0000000008001974       0x44 ./Drivers/STM32F1xx_HAL_Driver/Src/stm32f1xx_hal_cortex.o
 .text.HAL_NVIC_SetPriorityGrouping
                0x00000000080019b8       0x16 ./Drivers/STM32F1xx_HAL_Driver/Src/stm32f1xx_hal_cortex.o
                0x00000000080019b8                HAL_NVIC_SetPriorityGrouping
 .text.HAL_NVIC_SetPriority
                0x00000000080019ce       0x38 ./Drivers/STM32F1xx_HAL_Driver/Src/stm32f1xx_hal_cortex.o
                0x00000000080019ce                HAL_NVIC_SetPriority
 .text.HAL_NVIC_EnableIRQ
                0x0000000008001a06       0x1c ./Drivers/STM32F1xx_HAL_Driver/Src/stm32f1xx_hal_cortex.o
                0x0000000008001a06                HAL_NVIC_EnableIRQ
 .text.HAL_SYSTICK_Config
                0x0000000008001a22       0x18 ./Drivers/STM32F1xx_HAL_Driver/Src/stm32f1xx_hal_cortex.o
                0x0000000008001a22                HAL_SYSTICK_Config
 *fill*         0x0000000008001a3a        0x2 
 .text.HAL_GPIO_Init
                0x0000000008001a3c      0x2f4 ./Drivers/STM32F1xx_HAL_Driver/Src/stm32f1xx_hal_gpio.o
                0x0000000008001a3c                HAL_GPIO_Init
 .text.HAL_GPIO_ReadPin
                0x0000000008001d30       0x2e ./Drivers/STM32F1xx_HAL_Driver/Src/stm32f1xx_hal_gpio.o
                0x0000000008001d30                HAL_GPIO_ReadPin
 .text.HAL_GPIO_WritePin
                0x0000000008001d5e       0x30 ./Drivers/STM32F1xx_HAL_Driver/Src/stm32f1xx_hal_gpio.o
                0x0000000008001d5e                HAL_GPIO_WritePin
 .text.HAL_GPIO_TogglePin
                0x0000000008001d8e       0x32 ./Drivers/STM32F1xx_HAL_Driver/Src/stm32f1xx_hal_gpio.o
                0x0000000008001d8e                HAL_GPIO_TogglePin
 .text.HAL_RCC_OscConfig
                0x0000000008001dc0      0x500 ./Drivers/STM32F1xx_HAL_Driver/Src/stm32f1xx_hal_rcc.o
                0x0000000008001dc0                HAL_RCC_OscConfig
 .text.HAL_RCC_ClockConfig
                0x00000000080022c0      0x1d4 ./Drivers/STM32F1xx_HAL_Driver/Src/stm32f1xx_hal_rcc.o
                0x00000000080022c0                HAL_RCC_ClockConfig
 .text.HAL_RCC_GetSysClockFreq
                0x0000000008002494       0xa8 ./Drivers/STM32F1xx_HAL_Driver/Src/stm32f1xx_hal_rcc.o
                0x0000000008002494                HAL_RCC_GetSysClockFreq
 .text.RCC_Delay
                0x000000000800253c       0x3c ./Drivers/STM32F1xx_HAL_Driver/Src/stm32f1xx_hal_rcc.o
 .text.HAL_TIM_Base_Init
                0x0000000008002578       0x9e ./Drivers/STM32F1xx_HAL_Driver/Src/stm32f1xx_hal_tim.o
                0x0000000008002578                HAL_TIM_Base_Init
 *fill*         0x0000000008002616        0x2 
 .text.HAL_TIM_Base_Start_IT
                0x0000000008002618       0x98 ./Drivers/STM32F1xx_HAL_Driver/Src/stm32f1xx_hal_tim.o
                0x0000000008002618                HAL_TIM_Base_Start_IT
 .text.HAL_TIM_IRQHandler
                0x00000000080026b0      0x1e0 ./Drivers/STM32F1xx_HAL_Driver/Src/stm32f1xx_hal_tim.o
                0x00000000080026b0                HAL_TIM_IRQHandler
 .text.HAL_TIM_ConfigClockSource
                0x0000000008002890      0x18e ./Drivers/STM32F1xx_HAL_Driver/Src/stm32f1xx_hal_tim.o
                0x0000000008002890                HAL_TIM_ConfigClockSource
 .text.HAL_TIM_OC_DelayElapsedCallback
                0x0000000008002a1e       0x12 ./Drivers/STM32F1xx_HAL_Driver/Src/stm32f1xx_hal_tim.o
                0x0000000008002a1e                HAL_TIM_OC_DelayElapsedCallback
 .text.HAL_TIM_IC_CaptureCallback
                0x0000000008002a30       0x12 ./Drivers/STM32F1xx_HAL_Driver/Src/stm32f1xx_hal_tim.o
                0x0000000008002a30                HAL_TIM_IC_CaptureCallback
 .text.HAL_TIM_PWM_PulseFinishedCallback
                0x0000000008002a42       0x12 ./Drivers/STM32F1xx_HAL_Driver/Src/stm32f1xx_hal_tim.o
                0x0000000008002a42                HAL_TIM_PWM_PulseFinishedCallback
 .text.HAL_TIM_TriggerCallback
                0x0000000008002a54       0x12 ./Drivers/STM32F1xx_HAL_Driver/Src/stm32f1xx_hal_tim.o
                0x0000000008002a54                HAL_TIM_TriggerCallback
 *fill*         0x0000000008002a66        0x2 
 .text.TIM_Base_SetConfig
                0x0000000008002a68       0xc8 ./Drivers/STM32F1xx_HAL_Driver/Src/stm32f1xx_hal_tim.o
                0x0000000008002a68                TIM_Base_SetConfig
 .text.TIM_TI1_ConfigInputStage
                0x0000000008002b30       0x5c ./Drivers/STM32F1xx_HAL_Driver/Src/stm32f1xx_hal_tim.o
 .text.TIM_TI2_ConfigInputStage
                0x0000000008002b8c       0x5e ./Drivers/STM32F1xx_HAL_Driver/Src/stm32f1xx_hal_tim.o
 .text.TIM_ITRx_SetConfig
                0x0000000008002bea       0x34 ./Drivers/STM32F1xx_HAL_Driver/Src/stm32f1xx_hal_tim.o
 .text.TIM_ETR_SetConfig
                0x0000000008002c1e       0x3e ./Drivers/STM32F1xx_HAL_Driver/Src/stm32f1xx_hal_tim.o
                0x0000000008002c1e                TIM_ETR_SetConfig
 .text.HAL_TIMEx_MasterConfigSynchronization
                0x0000000008002c5c       0xb0 ./Drivers/STM32F1xx_HAL_Driver/Src/stm32f1xx_hal_tim_ex.o
                0x0000000008002c5c                HAL_TIMEx_MasterConfigSynchronization
 .text.HAL_TIMEx_CommutCallback
                0x0000000008002d0c       0x12 ./Drivers/STM32F1xx_HAL_Driver/Src/stm32f1xx_hal_tim_ex.o
                0x0000000008002d0c                HAL_TIMEx_CommutCallback
 .text.HAL_TIMEx_BreakCallback
                0x0000000008002d1e       0x12 ./Drivers/STM32F1xx_HAL_Driver/Src/stm32f1xx_hal_tim_ex.o
                0x0000000008002d1e                HAL_TIMEx_BreakCallback
 .text.__libc_init_array
                0x0000000008002d30       0x48 d:/stm32cubeide_1.7.0/stm32cubeide/plugins/com.st.stm32cube.ide.mcu.externaltools.gnu-tools-for-stm32.9-2020-q2-update.win32_2.0.0.202105311346/tools/bin/../lib/gcc/arm-none-eabi/9.3.1/../../../../arm-none-eabi/lib/thumb/v7-m/nofp\libc_nano.a(lib_a-init.o)
                0x0000000008002d30                __libc_init_array
 .text.memset   0x0000000008002d78       0x10 d:/stm32cubeide_1.7.0/stm32cubeide/plugins/com.st.stm32cube.ide.mcu.externaltools.gnu-tools-for-stm32.9-2020-q2-update.win32_2.0.0.202105311346/tools/bin/../lib/gcc/arm-none-eabi/9.3.1/../../../../arm-none-eabi/lib/thumb/v7-m/nofp\libc_nano.a(lib_a-memset.o)
                0x0000000008002d78                memset
 *(.glue_7)
 .glue_7        0x0000000008002d88        0x0 linker stubs
 *(.glue_7t)
 .glue_7t       0x0000000008002d88        0x0 linker stubs
 *(.eh_frame)
 .eh_frame      0x0000000008002d88        0x0 d:/stm32cubeide_1.7.0/stm32cubeide/plugins/com.st.stm32cube.ide.mcu.externaltools.gnu-tools-for-stm32.9-2020-q2-update.win32_2.0.0.202105311346/tools/bin/../lib/gcc/arm-none-eabi/9.3.1/thumb/v7-m/nofp/crtbegin.o
 *(.init)
 .init          0x0000000008002d88        0x4 d:/stm32cubeide_1.7.0/stm32cubeide/plugins/com.st.stm32cube.ide.mcu.externaltools.gnu-tools-for-stm32.9-2020-q2-update.win32_2.0.0.202105311346/tools/bin/../lib/gcc/arm-none-eabi/9.3.1/thumb/v7-m/nofp/crti.o
                0x0000000008002d88                _init
 .init          0x0000000008002d8c        0x8 d:/stm32cubeide_1.7.0/stm32cubeide/plugins/com.st.stm32cube.ide.mcu.externaltools.gnu-tools-for-stm32.9-2020-q2-update.win32_2.0.0.202105311346/tools/bin/../lib/gcc/arm-none-eabi/9.3.1/thumb/v7-m/nofp/crtn.o
 *(.fini)
 .fini          0x0000000008002d94        0x4 d:/stm32cubeide_1.7.0/stm32cubeide/plugins/com.st.stm32cube.ide.mcu.externaltools.gnu-tools-for-stm32.9-2020-q2-update.win32_2.0.0.202105311346/tools/bin/../lib/gcc/arm-none-eabi/9.3.1/thumb/v7-m/nofp/crti.o
                0x0000000008002d94                _fini
 .fini          0x0000000008002d98        0x8 d:/stm32cubeide_1.7.0/stm32cubeide/plugins/com.st.stm32cube.ide.mcu.externaltools.gnu-tools-for-stm32.9-2020-q2-update.win32_2.0.0.202105311346/tools/bin/../lib/gcc/arm-none-eabi/9.3.1/thumb/v7-m/nofp/crtn.o
                0x0000000008002da0                . = ALIGN (0x4)
                0x0000000008002da0                _etext = .

.vfp11_veneer   0x0000000008002da0        0x0
 .vfp11_veneer  0x0000000008002da0        0x0 linker stubs

.v4_bx          0x0000000008002da0        0x0
 .v4_bx         0x0000000008002da0        0x0 linker stubs

.iplt           0x0000000008002da0        0x0
 .iplt          0x0000000008002da0        0x0 d:/stm32cubeide_1.7.0/stm32cubeide/plugins/com.st.stm32cube.ide.mcu.externaltools.gnu-tools-for-stm32.9-2020-q2-update.win32_2.0.0.202105311346/tools/bin/../lib/gcc/arm-none-eabi/9.3.1/thumb/v7-m/nofp/crtbegin.o

.rodata         0x0000000008002da0       0x24
                0x0000000008002da0                . = ALIGN (0x4)
 *(.rodata)
 *(.rodata*)
 .rodata.AHBPrescTable
                0x0000000008002da0       0x10 ./Core/Src/system_stm32f1xx.o
                0x0000000008002da0                AHBPrescTable
 .rodata.aPLLMULFactorTable.6032
                0x0000000008002db0       0x10 ./Drivers/STM32F1xx_HAL_Driver/Src/stm32f1xx_hal_rcc.o
 .rodata.aPredivFactorTable.6033
                0x0000000008002dc0        0x2 ./Drivers/STM32F1xx_HAL_Driver/Src/stm32f1xx_hal_rcc.o
                0x0000000008002dc4                . = ALIGN (0x4)
 *fill*         0x0000000008002dc2        0x2 

.rel.dyn        0x0000000008002dc4        0x0
 .rel.iplt      0x0000000008002dc4        0x0 d:/stm32cubeide_1.7.0/stm32cubeide/plugins/com.st.stm32cube.ide.mcu.externaltools.gnu-tools-for-stm32.9-2020-q2-update.win32_2.0.0.202105311346/tools/bin/../lib/gcc/arm-none-eabi/9.3.1/thumb/v7-m/nofp/crtbegin.o

.ARM.extab      0x0000000008002dc4        0x0
                0x0000000008002dc4                . = ALIGN (0x4)
 *(.ARM.extab* .gnu.linkonce.armextab.*)
                0x0000000008002dc4                . = ALIGN (0x4)

.ARM            0x0000000008002dc4        0x0
                0x0000000008002dc4                . = ALIGN (0x4)
                0x0000000008002dc4                __exidx_start = .
 *(.ARM.exidx*)
                0x0000000008002dc4                __exidx_end = .
                0x0000000008002dc4                . = ALIGN (0x4)

.preinit_array  0x0000000008002dc4        0x0
                0x0000000008002dc4                . = ALIGN (0x4)
                0x0000000008002dc4                PROVIDE (__preinit_array_start = .)
 *(.preinit_array*)
                0x0000000008002dc4                PROVIDE (__preinit_array_end = .)
                0x0000000008002dc4                . = ALIGN (0x4)

.init_array     0x0000000008002dc4        0x4
                0x0000000008002dc4                . = ALIGN (0x4)
                0x0000000008002dc4                PROVIDE (__init_array_start = .)
 *(SORT_BY_NAME(.init_array.*))
 *(.init_array*)
 .init_array    0x0000000008002dc4        0x4 d:/stm32cubeide_1.7.0/stm32cubeide/plugins/com.st.stm32cube.ide.mcu.externaltools.gnu-tools-for-stm32.9-2020-q2-update.win32_2.0.0.202105311346/tools/bin/../lib/gcc/arm-none-eabi/9.3.1/thumb/v7-m/nofp/crtbegin.o
                0x0000000008002dc8                PROVIDE (__init_array_end = .)
                0x0000000008002dc8                . = ALIGN (0x4)

.fini_array     0x0000000008002dc8        0x4
                0x0000000008002dc8                . = ALIGN (0x4)
                [!provide]                        PROVIDE (__fini_array_start = .)
 *(SORT_BY_NAME(.fini_array.*))
 *(.fini_array*)
 .fini_array    0x0000000008002dc8        0x4 d:/stm32cubeide_1.7.0/stm32cubeide/plugins/com.st.stm32cube.ide.mcu.externaltools.gnu-tools-for-stm32.9-2020-q2-update.win32_2.0.0.202105311346/tools/bin/../lib/gcc/arm-none-eabi/9.3.1/thumb/v7-m/nofp/crtbegin.o
                [!provide]                        PROVIDE (__fini_array_end = .)
                0x0000000008002dcc                . = ALIGN (0x4)
                0x0000000008002dcc                _sidata = LOADADDR (.data)

.data           0x0000000020000000       0x18 load address 0x0000000008002dcc
                0x0000000020000000                . = ALIGN (0x4)
                0x0000000020000000                _sdata = .
 *(.data)
 *(.data*)
 .data.timeRed  0x0000000020000000        0x4 ./Core/Src/fsm_auto.o
                0x0000000020000000                timeRed
 .data.timeYel  0x0000000020000004        0x4 ./Core/Src/fsm_auto.o
                0x0000000020000004                timeYel
 .data.timeGreen
                0x0000000020000008        0x4 ./Core/Src/fsm_auto.o
                0x0000000020000008                timeGreen
 .data.SystemCoreClock
                0x000000002000000c        0x4 ./Core/Src/system_stm32f1xx.o
                0x000000002000000c                SystemCoreClock
 .data.uwTickPrio
                0x0000000020000010        0x4 ./Drivers/STM32F1xx_HAL_Driver/Src/stm32f1xx_hal.o
                0x0000000020000010                uwTickPrio
 .data.uwTickFreq
                0x0000000020000014        0x1 ./Drivers/STM32F1xx_HAL_Driver/Src/stm32f1xx_hal.o
                0x0000000020000014                uwTickFreq
 *(.RamFunc)
 *(.RamFunc*)
                0x0000000020000018                . = ALIGN (0x4)
 *fill*         0x0000000020000015        0x3 
                0x0000000020000018                _edata = .

.igot.plt       0x0000000020000018        0x0 load address 0x0000000008002de4
 .igot.plt      0x0000000020000018        0x0 d:/stm32cubeide_1.7.0/stm32cubeide/plugins/com.st.stm32cube.ide.mcu.externaltools.gnu-tools-for-stm32.9-2020-q2-update.win32_2.0.0.202105311346/tools/bin/../lib/gcc/arm-none-eabi/9.3.1/thumb/v7-m/nofp/crtbegin.o
                0x0000000020000018                . = ALIGN (0x4)

.bss            0x0000000020000018      0x134 load address 0x0000000008002de4
                0x0000000020000018                _sbss = .
                0x0000000020000018                __bss_start__ = _sbss
 *(.bss)
 .bss           0x0000000020000018       0x1c d:/stm32cubeide_1.7.0/stm32cubeide/plugins/com.st.stm32cube.ide.mcu.externaltools.gnu-tools-for-stm32.9-2020-q2-update.win32_2.0.0.202105311346/tools/bin/../lib/gcc/arm-none-eabi/9.3.1/thumb/v7-m/nofp/crtbegin.o
 *(.bss*)
 .bss.main_status
                0x0000000020000034        0x4 ./Core/Src/fsm_auto.o
                0x0000000020000034                main_status
 .bss.sub_status
                0x0000000020000038        0x4 ./Core/Src/fsm_auto.o
                0x0000000020000038                sub_status
 .bss.manual_status
                0x000000002000003c        0x4 ./Core/Src/fsm_manual.o
                0x000000002000003c                manual_status
 .bss.mode      0x0000000020000040        0x4 ./Core/Src/mode_control.o
                0x0000000020000040                mode
 .bss.tempRed   0x0000000020000044        0x4 ./Core/Src/mode_control.o
                0x0000000020000044                tempRed
 .bss.tempYel   0x0000000020000048        0x4 ./Core/Src/mode_control.o
                0x0000000020000048                tempYel
 .bss.tempGreen
                0x000000002000004c        0x4 ./Core/Src/mode_control.o
                0x000000002000004c                tempGreen
 .bss.backupRed
                0x0000000020000050        0x4 ./Core/Src/mode_control.o
                0x0000000020000050                backupRed
 .bss.backupYel
                0x0000000020000054        0x4 ./Core/Src/mode_control.o
                0x0000000020000054                backupYel
 .bss.backupGreen
                0x0000000020000058        0x4 ./Core/Src/mode_control.o
                0x0000000020000058                backupGreen
 .bss.led_idx   0x000000002000005c        0x4 ./Core/Src/set7SEG.o
                0x000000002000005c                led_idx
 .bss.mainTimeRemain
                0x0000000020000060        0x4 ./Core/Src/set7SEG.o
                0x0000000020000060                mainTimeRemain
 .bss.subTimeRemain
                0x0000000020000064        0x4 ./Core/Src/set7SEG.o
                0x0000000020000064                subTimeRemain
 *(COMMON)
 COMMON         0x0000000020000068       0x3c ./Core/Src/button.o
                0x0000000020000068                button2
                0x000000002000007c                button3
                0x0000000020000090                button1
 COMMON         0x00000000200000a4       0x48 ./Core/Src/main.o
                0x00000000200000a4                htim2
 COMMON         0x00000000200000ec        0x1 ./Core/Src/mode_control.o
                0x00000000200000ec                isEditted
 *fill*         0x00000000200000ed        0x3 
 COMMON         0x00000000200000f0       0x18 ./Core/Src/set7SEG.o
                0x00000000200000f0                time_buffer
 COMMON         0x0000000020000108       0x40 ./Core/Src/sw_timer.o
                0x0000000020000108                timer2
                0x0000000020000110                timeNoReact
                0x0000000020000118                timerBlinky1
                0x0000000020000120                timer4
                0x0000000020000128                timer1
                0x0000000020000130                timerBlinky2
                0x0000000020000138                timerTestLed
                0x0000000020000140                timer3
 COMMON         0x0000000020000148        0x4 ./Drivers/STM32F1xx_HAL_Driver/Src/stm32f1xx_hal.o
                0x0000000020000148                uwTick
                0x000000002000014c                . = ALIGN (0x4)
                0x000000002000014c                _ebss = .
                0x000000002000014c                __bss_end__ = _ebss

._user_heap_stack
                0x000000002000014c      0x604 load address 0x0000000008002de4
                0x0000000020000150                . = ALIGN (0x8)
 *fill*         0x000000002000014c        0x4 
                [!provide]                        PROVIDE (end = .)
                0x0000000020000150                PROVIDE (_end = .)
                0x0000000020000350                . = (. + _Min_Heap_Size)
 *fill*         0x0000000020000150      0x200 
                0x0000000020000750                . = (. + _Min_Stack_Size)
 *fill*         0x0000000020000350      0x400 
                0x0000000020000750                . = ALIGN (0x8)

/DISCARD/
 libc.a(*)
 libm.a(*)
 libgcc.a(*)

.ARM.attributes
                0x0000000000000000       0x29
 *(.ARM.attributes)
 .ARM.attributes
                0x0000000000000000       0x1d d:/stm32cubeide_1.7.0/stm32cubeide/plugins/com.st.stm32cube.ide.mcu.externaltools.gnu-tools-for-stm32.9-2020-q2-update.win32_2.0.0.202105311346/tools/bin/../lib/gcc/arm-none-eabi/9.3.1/thumb/v7-m/nofp/crti.o
 .ARM.attributes
                0x000000000000001d       0x2d d:/stm32cubeide_1.7.0/stm32cubeide/plugins/com.st.stm32cube.ide.mcu.externaltools.gnu-tools-for-stm32.9-2020-q2-update.win32_2.0.0.202105311346/tools/bin/../lib/gcc/arm-none-eabi/9.3.1/thumb/v7-m/nofp/crtbegin.o
 .ARM.attributes
                0x000000000000004a       0x2d ./Core/Src/button.o
 .ARM.attributes
                0x0000000000000077       0x2d ./Core/Src/fsm_auto.o
 .ARM.attributes
                0x00000000000000a4       0x2d ./Core/Src/fsm_manual.o
 .ARM.attributes
                0x00000000000000d1       0x2d ./Core/Src/main.o
 .ARM.attributes
                0x00000000000000fe       0x2d ./Core/Src/mode_control.o
 .ARM.attributes
                0x000000000000012b       0x2d ./Core/Src/set7SEG.o
 .ARM.attributes
                0x0000000000000158       0x2d ./Core/Src/setTrafficLed.o
 .ARM.attributes
                0x0000000000000185       0x2d ./Core/Src/stm32f1xx_hal_msp.o
 .ARM.attributes
                0x00000000000001b2       0x2d ./Core/Src/stm32f1xx_it.o
 .ARM.attributes
                0x00000000000001df       0x2d ./Core/Src/sw_timer.o
 .ARM.attributes
                0x000000000000020c       0x2d ./Core/Src/system_stm32f1xx.o
 .ARM.attributes
                0x0000000000000239       0x21 ./Core/Startup/startup_stm32f103c6ux.o
 .ARM.attributes
                0x000000000000025a       0x2d ./Drivers/STM32F1xx_HAL_Driver/Src/stm32f1xx_hal.o
 .ARM.attributes
                0x0000000000000287       0x2d ./Drivers/STM32F1xx_HAL_Driver/Src/stm32f1xx_hal_cortex.o
 .ARM.attributes
                0x00000000000002b4       0x2d ./Drivers/STM32F1xx_HAL_Driver/Src/stm32f1xx_hal_gpio.o
 .ARM.attributes
                0x00000000000002e1       0x2d ./Drivers/STM32F1xx_HAL_Driver/Src/stm32f1xx_hal_rcc.o
 .ARM.attributes
                0x000000000000030e       0x2d ./Drivers/STM32F1xx_HAL_Driver/Src/stm32f1xx_hal_tim.o
 .ARM.attributes
                0x000000000000033b       0x2d ./Drivers/STM32F1xx_HAL_Driver/Src/stm32f1xx_hal_tim_ex.o
 .ARM.attributes
                0x0000000000000368       0x2d d:/stm32cubeide_1.7.0/stm32cubeide/plugins/com.st.stm32cube.ide.mcu.externaltools.gnu-tools-for-stm32.9-2020-q2-update.win32_2.0.0.202105311346/tools/bin/../lib/gcc/arm-none-eabi/9.3.1/../../../../arm-none-eabi/lib/thumb/v7-m/nofp\libc_nano.a(lib_a-init.o)
 .ARM.attributes
                0x0000000000000395       0x2d d:/stm32cubeide_1.7.0/stm32cubeide/plugins/com.st.stm32cube.ide.mcu.externaltools.gnu-tools-for-stm32.9-2020-q2-update.win32_2.0.0.202105311346/tools/bin/../lib/gcc/arm-none-eabi/9.3.1/../../../../arm-none-eabi/lib/thumb/v7-m/nofp\libc_nano.a(lib_a-memset.o)
 .ARM.attributes
                0x00000000000003c2       0x1d d:/stm32cubeide_1.7.0/stm32cubeide/plugins/com.st.stm32cube.ide.mcu.externaltools.gnu-tools-for-stm32.9-2020-q2-update.win32_2.0.0.202105311346/tools/bin/../lib/gcc/arm-none-eabi/9.3.1/thumb/v7-m/nofp/crtn.o
OUTPUT(STM32_LAB3.elf elf32-littlearm)
LOAD linker stubs
LOAD d:/stm32cubeide_1.7.0/stm32cubeide/plugins/com.st.stm32cube.ide.mcu.externaltools.gnu-tools-for-stm32.9-2020-q2-update.win32_2.0.0.202105311346/tools/bin/../lib/gcc/arm-none-eabi/9.3.1/../../../../arm-none-eabi/lib/thumb/v7-m/nofp\libc.a
LOAD d:/stm32cubeide_1.7.0/stm32cubeide/plugins/com.st.stm32cube.ide.mcu.externaltools.gnu-tools-for-stm32.9-2020-q2-update.win32_2.0.0.202105311346/tools/bin/../lib/gcc/arm-none-eabi/9.3.1/../../../../arm-none-eabi/lib/thumb/v7-m/nofp\libm.a
LOAD d:/stm32cubeide_1.7.0/stm32cubeide/plugins/com.st.stm32cube.ide.mcu.externaltools.gnu-tools-for-stm32.9-2020-q2-update.win32_2.0.0.202105311346/tools/bin/../lib/gcc/arm-none-eabi/9.3.1/thumb/v7-m/nofp\libgcc.a

.debug_info     0x0000000000000000     0xaa7d
 .debug_info    0x0000000000000000      0x52b ./Core/Src/button.o
 .debug_info    0x000000000000052b      0x4ba ./Core/Src/fsm_auto.o
 .debug_info    0x00000000000009e5      0x45e ./Core/Src/fsm_manual.o
 .debug_info    0x0000000000000e43      0xdc2 ./Core/Src/main.o
 .debug_info    0x0000000000001c05      0x558 ./Core/Src/mode_control.o
 .debug_info    0x000000000000215d      0x53b ./Core/Src/set7SEG.o
 .debug_info    0x0000000000002698      0x58f ./Core/Src/setTrafficLed.o
 .debug_info    0x0000000000002c27      0xa09 ./Core/Src/stm32f1xx_hal_msp.o
 .debug_info    0x0000000000003630      0x7b9 ./Core/Src/stm32f1xx_it.o
 .debug_info    0x0000000000003de9      0x565 ./Core/Src/sw_timer.o
 .debug_info    0x000000000000434e      0x2be ./Core/Src/system_stm32f1xx.o
 .debug_info    0x000000000000460c       0x22 ./Core/Startup/startup_stm32f103c6ux.o
 .debug_info    0x000000000000462e      0x74c ./Drivers/STM32F1xx_HAL_Driver/Src/stm32f1xx_hal.o
 .debug_info    0x0000000000004d7a      0xbbe ./Drivers/STM32F1xx_HAL_Driver/Src/stm32f1xx_hal_cortex.o
 .debug_info    0x0000000000005938      0x701 ./Drivers/STM32F1xx_HAL_Driver/Src/stm32f1xx_hal_gpio.o
 .debug_info    0x0000000000006039      0x893 ./Drivers/STM32F1xx_HAL_Driver/Src/stm32f1xx_hal_rcc.o
 .debug_info    0x00000000000068cc     0x2c32 ./Drivers/STM32F1xx_HAL_Driver/Src/stm32f1xx_hal_tim.o
 .debug_info    0x00000000000094fe     0x157f ./Drivers/STM32F1xx_HAL_Driver/Src/stm32f1xx_hal_tim_ex.o

.debug_abbrev   0x0000000000000000     0x1fb1
 .debug_abbrev  0x0000000000000000      0x1b5 ./Core/Src/button.o
 .debug_abbrev  0x00000000000001b5      0x13f ./Core/Src/fsm_auto.o
 .debug_abbrev  0x00000000000002f4      0x13f ./Core/Src/fsm_manual.o
 .debug_abbrev  0x0000000000000433      0x248 ./Core/Src/main.o
 .debug_abbrev  0x000000000000067b      0x1a2 ./Core/Src/mode_control.o
 .debug_abbrev  0x000000000000081d      0x1bc ./Core/Src/set7SEG.o
 .debug_abbrev  0x00000000000009d9      0x177 ./Core/Src/setTrafficLed.o
 .debug_abbrev  0x0000000000000b50      0x1b7 ./Core/Src/stm32f1xx_hal_msp.o
 .debug_abbrev  0x0000000000000d07      0x176 ./Core/Src/stm32f1xx_it.o
 .debug_abbrev  0x0000000000000e7d      0x1b5 ./Core/Src/sw_timer.o
 .debug_abbrev  0x0000000000001032      0x14e ./Core/Src/system_stm32f1xx.o
 .debug_abbrev  0x0000000000001180       0x12 ./Core/Startup/startup_stm32f103c6ux.o
 .debug_abbrev  0x0000000000001192      0x1ed ./Drivers/STM32F1xx_HAL_Driver/Src/stm32f1xx_hal.o
 .debug_abbrev  0x000000000000137f      0x313 ./Drivers/STM32F1xx_HAL_Driver/Src/stm32f1xx_hal_cortex.o
 .debug_abbrev  0x0000000000001692      0x1e8 ./Drivers/STM32F1xx_HAL_Driver/Src/stm32f1xx_hal_gpio.o
 .debug_abbrev  0x000000000000187a      0x273 ./Drivers/STM32F1xx_HAL_Driver/Src/stm32f1xx_hal_rcc.o
 .debug_abbrev  0x0000000000001aed      0x25e ./Drivers/STM32F1xx_HAL_Driver/Src/stm32f1xx_hal_tim.o
 .debug_abbrev  0x0000000000001d4b      0x266 ./Drivers/STM32F1xx_HAL_Driver/Src/stm32f1xx_hal_tim_ex.o

.debug_aranges  0x0000000000000000      0xae8
 .debug_aranges
                0x0000000000000000       0x38 ./Core/Src/button.o
 .debug_aranges
                0x0000000000000038       0x30 ./Core/Src/fsm_auto.o
 .debug_aranges
                0x0000000000000068       0x20 ./Core/Src/fsm_manual.o
 .debug_aranges
                0x0000000000000088       0x48 ./Core/Src/main.o
 .debug_aranges
                0x00000000000000d0       0x50 ./Core/Src/mode_control.o
 .debug_aranges
                0x0000000000000120       0x38 ./Core/Src/set7SEG.o
 .debug_aranges
                0x0000000000000158       0x68 ./Core/Src/setTrafficLed.o
 .debug_aranges
                0x00000000000001c0       0x30 ./Core/Src/stm32f1xx_hal_msp.o
 .debug_aranges
                0x00000000000001f0       0x68 ./Core/Src/stm32f1xx_it.o
 .debug_aranges
                0x0000000000000258       0x40 ./Core/Src/sw_timer.o
 .debug_aranges
                0x0000000000000298       0x28 ./Core/Src/system_stm32f1xx.o
 .debug_aranges
                0x00000000000002c0       0x28 ./Core/Startup/startup_stm32f103c6ux.o
 .debug_aranges
                0x00000000000002e8       0xe0 ./Drivers/STM32F1xx_HAL_Driver/Src/stm32f1xx_hal.o
 .debug_aranges
                0x00000000000003c8      0x100 ./Drivers/STM32F1xx_HAL_Driver/Src/stm32f1xx_hal_cortex.o
 .debug_aranges
                0x00000000000004c8       0x58 ./Drivers/STM32F1xx_HAL_Driver/Src/stm32f1xx_hal_gpio.o
 .debug_aranges
                0x0000000000000520       0x90 ./Drivers/STM32F1xx_HAL_Driver/Src/stm32f1xx_hal_rcc.o
 .debug_aranges
                0x00000000000005b0      0x3d0 ./Drivers/STM32F1xx_HAL_Driver/Src/stm32f1xx_hal_tim.o
 .debug_aranges
                0x0000000000000980      0x168 ./Drivers/STM32F1xx_HAL_Driver/Src/stm32f1xx_hal_tim_ex.o

.debug_ranges   0x0000000000000000      0x9d0
 .debug_ranges  0x0000000000000000       0x28 ./Core/Src/button.o
 .debug_ranges  0x0000000000000028       0x20 ./Core/Src/fsm_auto.o
 .debug_ranges  0x0000000000000048       0x10 ./Core/Src/fsm_manual.o
 .debug_ranges  0x0000000000000058       0x38 ./Core/Src/main.o
 .debug_ranges  0x0000000000000090       0x40 ./Core/Src/mode_control.o
 .debug_ranges  0x00000000000000d0       0x28 ./Core/Src/set7SEG.o
 .debug_ranges  0x00000000000000f8       0x58 ./Core/Src/setTrafficLed.o
 .debug_ranges  0x0000000000000150       0x20 ./Core/Src/stm32f1xx_hal_msp.o
 .debug_ranges  0x0000000000000170       0x58 ./Core/Src/stm32f1xx_it.o
 .debug_ranges  0x00000000000001c8       0x30 ./Core/Src/sw_timer.o
 .debug_ranges  0x00000000000001f8       0x18 ./Core/Src/system_stm32f1xx.o
 .debug_ranges  0x0000000000000210       0x20 ./Core/Startup/startup_stm32f103c6ux.o
 .debug_ranges  0x0000000000000230       0xd0 ./Drivers/STM32F1xx_HAL_Driver/Src/stm32f1xx_hal.o
 .debug_ranges  0x0000000000000300       0xf0 ./Drivers/STM32F1xx_HAL_Driver/Src/stm32f1xx_hal_cortex.o
 .debug_ranges  0x00000000000003f0       0x48 ./Drivers/STM32F1xx_HAL_Driver/Src/stm32f1xx_hal_gpio.o
 .debug_ranges  0x0000000000000438       0x80 ./Drivers/STM32F1xx_HAL_Driver/Src/stm32f1xx_hal_rcc.o
 .debug_ranges  0x00000000000004b8      0x3c0 ./Drivers/STM32F1xx_HAL_Driver/Src/stm32f1xx_hal_tim.o
 .debug_ranges  0x0000000000000878      0x158 ./Drivers/STM32F1xx_HAL_Driver/Src/stm32f1xx_hal_tim_ex.o

.debug_macro    0x0000000000000000    0x172c5
 .debug_macro   0x0000000000000000      0x1c8 ./Core/Src/button.o
 .debug_macro   0x00000000000001c8      0xa9c ./Core/Src/button.o
 .debug_macro   0x0000000000000c64      0x215 ./Core/Src/button.o
 .debug_macro   0x0000000000000e79       0x2e ./Core/Src/button.o
 .debug_macro   0x0000000000000ea7       0x22 ./Core/Src/button.o
 .debug_macro   0x0000000000000ec9       0x22 ./Core/Src/button.o
 .debug_macro   0x0000000000000eeb       0x8e ./Core/Src/button.o
 .debug_macro   0x0000000000000f79       0x51 ./Core/Src/button.o
 .debug_macro   0x0000000000000fca      0x103 ./Core/Src/button.o
 .debug_macro   0x00000000000010cd       0x6a ./Core/Src/button.o
 .debug_macro   0x0000000000001137      0x1df ./Core/Src/button.o
 .debug_macro   0x0000000000001316       0x1c ./Core/Src/button.o
 .debug_macro   0x0000000000001332       0x22 ./Core/Src/button.o
 .debug_macro   0x0000000000001354       0xc3 ./Core/Src/button.o
 .debug_macro   0x0000000000001417      0xd23 ./Core/Src/button.o
 .debug_macro   0x000000000000213a     0xde75 ./Core/Src/button.o
 .debug_macro   0x000000000000ffaf       0x6d ./Core/Src/button.o
 .debug_macro   0x000000000001001c     0x34a2 ./Core/Src/button.o
 .debug_macro   0x00000000000134be      0x174 ./Core/Src/button.o
 .debug_macro   0x0000000000013632       0x5c ./Core/Src/button.o
 .debug_macro   0x000000000001368e      0x5bc ./Core/Src/button.o
 .debug_macro   0x0000000000013c4a      0x1b7 ./Core/Src/button.o
 .debug_macro   0x0000000000013e01      0x1cb ./Core/Src/button.o
 .debug_macro   0x0000000000013fcc      0x114 ./Core/Src/button.o
 .debug_macro   0x00000000000140e0      0x1b2 ./Core/Src/button.o
 .debug_macro   0x0000000000014292       0x27 ./Core/Src/button.o
 .debug_macro   0x00000000000142b9      0x12f ./Core/Src/button.o
 .debug_macro   0x00000000000143e8      0x1bc ./Core/Src/button.o
 .debug_macro   0x00000000000145a4       0x34 ./Core/Src/button.o
 .debug_macro   0x00000000000145d8       0x3c ./Core/Src/button.o
 .debug_macro   0x0000000000014614       0x57 ./Core/Src/button.o
 .debug_macro   0x000000000001466b       0x87 ./Core/Src/button.o
 .debug_macro   0x00000000000146f2      0x183 ./Core/Src/button.o
 .debug_macro   0x0000000000014875      0x140 ./Core/Src/button.o
 .debug_macro   0x00000000000149b5      0x8ed ./Core/Src/button.o
 .debug_macro   0x00000000000152a2       0x69 ./Core/Src/button.o
 .debug_macro   0x000000000001530b      0x178 ./Core/Src/button.o
 .debug_macro   0x0000000000015483       0xb2 ./Core/Src/button.o
 .debug_macro   0x0000000000015535       0x10 ./Core/Src/button.o
 .debug_macro   0x0000000000015545      0x1f3 ./Core/Src/fsm_auto.o
 .debug_macro   0x0000000000015738       0xb8 ./Core/Src/fsm_auto.o
 .debug_macro   0x00000000000157f0       0x10 ./Core/Src/fsm_auto.o
 .debug_macro   0x0000000000015800       0x16 ./Core/Src/fsm_auto.o
 .debug_macro   0x0000000000015816      0x20b ./Core/Src/fsm_manual.o
 .debug_macro   0x0000000000015a21      0x211 ./Core/Src/main.o
 .debug_macro   0x0000000000015c32      0x1e3 ./Core/Src/mode_control.o
 .debug_macro   0x0000000000015e15      0x209 ./Core/Src/set7SEG.o
 .debug_macro   0x000000000001601e      0x1d0 ./Core/Src/setTrafficLed.o
 .debug_macro   0x00000000000161ee      0x1a6 ./Core/Src/stm32f1xx_hal_msp.o
 .debug_macro   0x0000000000016394      0x1b0 ./Core/Src/stm32f1xx_it.o
 .debug_macro   0x0000000000016544      0x1be ./Core/Src/sw_timer.o
 .debug_macro   0x0000000000016702      0x197 ./Core/Src/system_stm32f1xx.o
 .debug_macro   0x0000000000016899      0x1bb ./Drivers/STM32F1xx_HAL_Driver/Src/stm32f1xx_hal.o
 .debug_macro   0x0000000000016a54      0x197 ./Drivers/STM32F1xx_HAL_Driver/Src/stm32f1xx_hal_cortex.o
 .debug_macro   0x0000000000016beb      0x202 ./Drivers/STM32F1xx_HAL_Driver/Src/stm32f1xx_hal_gpio.o
 .debug_macro   0x0000000000016ded      0x1a9 ./Drivers/STM32F1xx_HAL_Driver/Src/stm32f1xx_hal_rcc.o
 .debug_macro   0x0000000000016f96      0x198 ./Drivers/STM32F1xx_HAL_Driver/Src/stm32f1xx_hal_tim.o
 .debug_macro   0x000000000001712e      0x197 ./Drivers/STM32F1xx_HAL_Driver/Src/stm32f1xx_hal_tim_ex.o

.debug_line     0x0000000000000000     0xc7b1
 .debug_line    0x0000000000000000      0x735 ./Core/Src/button.o
 .debug_line    0x0000000000000735      0x79e ./Core/Src/fsm_auto.o
 .debug_line    0x0000000000000ed3      0x6ee ./Core/Src/fsm_manual.o
 .debug_line    0x00000000000015c1      0x834 ./Core/Src/main.o
 .debug_line    0x0000000000001df5      0x859 ./Core/Src/mode_control.o
 .debug_line    0x000000000000264e      0x7d1 ./Core/Src/set7SEG.o
 .debug_line    0x0000000000002e1f      0x785 ./Core/Src/setTrafficLed.o
 .debug_line    0x00000000000035a4      0x695 ./Core/Src/stm32f1xx_hal_msp.o
 .debug_line    0x0000000000003c39      0x733 ./Core/Src/stm32f1xx_it.o
 .debug_line    0x000000000000436c      0x6f2 ./Core/Src/sw_timer.o
 .debug_line    0x0000000000004a5e      0x6d7 ./Core/Src/system_stm32f1xx.o
 .debug_line    0x0000000000005135       0x86 ./Core/Startup/startup_stm32f103c6ux.o
 .debug_line    0x00000000000051bb      0x904 ./Drivers/STM32F1xx_HAL_Driver/Src/stm32f1xx_hal.o
 .debug_line    0x0000000000005abf      0xaec ./Drivers/STM32F1xx_HAL_Driver/Src/stm32f1xx_hal_cortex.o
 .debug_line    0x00000000000065ab      0x987 ./Drivers/STM32F1xx_HAL_Driver/Src/stm32f1xx_hal_gpio.o
 .debug_line    0x0000000000006f32      0xd10 ./Drivers/STM32F1xx_HAL_Driver/Src/stm32f1xx_hal_rcc.o
 .debug_line    0x0000000000007c42     0x3355 ./Drivers/STM32F1xx_HAL_Driver/Src/stm32f1xx_hal_tim.o
 .debug_line    0x000000000000af97     0x181a ./Drivers/STM32F1xx_HAL_Driver/Src/stm32f1xx_hal_tim_ex.o

.debug_str      0x0000000000000000    0x829c0
 .debug_str     0x0000000000000000    0x7fddd ./Core/Src/button.o
                                      0x8013c (size before relaxing)
 .debug_str     0x000000000007fddd       0x97 ./Core/Src/fsm_auto.o
                                      0x80167 (size before relaxing)
 .debug_str     0x000000000007fe74       0x50 ./Core/Src/fsm_manual.o
                                      0x80170 (size before relaxing)
 .debug_str     0x000000000007fec4      0x6da ./Core/Src/main.o
                                      0x808f3 (size before relaxing)
 .debug_str     0x000000000008059e       0x76 ./Core/Src/mode_control.o
                                      0x80180 (size before relaxing)
 .debug_str     0x0000000000080614       0x5c ./Core/Src/set7SEG.o
                                      0x801c6 (size before relaxing)
 .debug_str     0x0000000000080670       0xaf ./Core/Src/setTrafficLed.o
                                      0x80184 (size before relaxing)
 .debug_str     0x000000000008071f      0x2ba ./Core/Src/stm32f1xx_hal_msp.o
                                      0x80459 (size before relaxing)
 .debug_str     0x00000000000809d9       0xcd ./Core/Src/stm32f1xx_it.o
                                      0x801bb (size before relaxing)
 .debug_str     0x0000000000080aa6       0x4f ./Core/Src/sw_timer.o
                                      0x800f2 (size before relaxing)
 .debug_str     0x0000000000080af5       0x52 ./Core/Src/system_stm32f1xx.o
                                      0x7f772 (size before relaxing)
 .debug_str     0x0000000000080b47       0x36 ./Core/Startup/startup_stm32f103c6ux.o
                                         0x66 (size before relaxing)
 .debug_str     0x0000000000080b7d      0x304 ./Drivers/STM32F1xx_HAL_Driver/Src/stm32f1xx_hal.o
                                      0x7fdc9 (size before relaxing)
 .debug_str     0x0000000000080e81      0x300 ./Drivers/STM32F1xx_HAL_Driver/Src/stm32f1xx_hal_cortex.o
                                      0x7fdd1 (size before relaxing)
 .debug_str     0x0000000000081181      0x324 ./Drivers/STM32F1xx_HAL_Driver/Src/stm32f1xx_hal_gpio.o
                                      0x7fb36 (size before relaxing)
 .debug_str     0x00000000000814a5      0x24f ./Drivers/STM32F1xx_HAL_Driver/Src/stm32f1xx_hal_rcc.o
                                      0x7fb6f (size before relaxing)
 .debug_str     0x00000000000816f4      0xdde ./Drivers/STM32F1xx_HAL_Driver/Src/stm32f1xx_hal_tim.o
                                      0x80b58 (size before relaxing)
 .debug_str     0x00000000000824d2      0x4ee ./Drivers/STM32F1xx_HAL_Driver/Src/stm32f1xx_hal_tim_ex.o
                                      0x802f9 (size before relaxing)

.comment        0x0000000000000000       0x53
 .comment       0x0000000000000000       0x53 ./Core/Src/button.o
                                         0x54 (size before relaxing)
 .comment       0x0000000000000053       0x54 ./Core/Src/fsm_auto.o
 .comment       0x0000000000000053       0x54 ./Core/Src/fsm_manual.o
 .comment       0x0000000000000053       0x54 ./Core/Src/main.o
 .comment       0x0000000000000053       0x54 ./Core/Src/mode_control.o
 .comment       0x0000000000000053       0x54 ./Core/Src/set7SEG.o
 .comment       0x0000000000000053       0x54 ./Core/Src/setTrafficLed.o
 .comment       0x0000000000000053       0x54 ./Core/Src/stm32f1xx_hal_msp.o
 .comment       0x0000000000000053       0x54 ./Core/Src/stm32f1xx_it.o
 .comment       0x0000000000000053       0x54 ./Core/Src/sw_timer.o
 .comment       0x0000000000000053       0x54 ./Core/Src/system_stm32f1xx.o
 .comment       0x0000000000000053       0x54 ./Drivers/STM32F1xx_HAL_Driver/Src/stm32f1xx_hal.o
 .comment       0x0000000000000053       0x54 ./Drivers/STM32F1xx_HAL_Driver/Src/stm32f1xx_hal_cortex.o
 .comment       0x0000000000000053       0x54 ./Drivers/STM32F1xx_HAL_Driver/Src/stm32f1xx_hal_gpio.o
 .comment       0x0000000000000053       0x54 ./Drivers/STM32F1xx_HAL_Driver/Src/stm32f1xx_hal_rcc.o
 .comment       0x0000000000000053       0x54 ./Drivers/STM32F1xx_HAL_Driver/Src/stm32f1xx_hal_tim.o
 .comment       0x0000000000000053       0x54 ./Drivers/STM32F1xx_HAL_Driver/Src/stm32f1xx_hal_tim_ex.o

.debug_frame    0x0000000000000000     0x2a88
 .debug_frame   0x0000000000000000       0xa0 ./Core/Src/button.o
 .debug_frame   0x00000000000000a0       0x64 ./Core/Src/fsm_auto.o
 .debug_frame   0x0000000000000104       0x2c ./Core/Src/fsm_manual.o
 .debug_frame   0x0000000000000130       0xd4 ./Core/Src/main.o
 .debug_frame   0x0000000000000204       0xf0 ./Core/Src/mode_control.o
 .debug_frame   0x00000000000002f4       0xa0 ./Core/Src/set7SEG.o
 .debug_frame   0x0000000000000394      0x138 ./Core/Src/setTrafficLed.o
 .debug_frame   0x00000000000004cc       0x80 ./Core/Src/stm32f1xx_hal_msp.o
 .debug_frame   0x000000000000054c      0x120 ./Core/Src/stm32f1xx_it.o
 .debug_frame   0x000000000000066c       0xcc ./Core/Src/sw_timer.o
 .debug_frame   0x0000000000000738       0x58 ./Core/Src/system_stm32f1xx.o
 .debug_frame   0x0000000000000790      0x334 ./Drivers/STM32F1xx_HAL_Driver/Src/stm32f1xx_hal.o
 .debug_frame   0x0000000000000ac4      0x428 ./Drivers/STM32F1xx_HAL_Driver/Src/stm32f1xx_hal_cortex.o
 .debug_frame   0x0000000000000eec      0x14c ./Drivers/STM32F1xx_HAL_Driver/Src/stm32f1xx_hal_gpio.o
 .debug_frame   0x0000000000001038      0x218 ./Drivers/STM32F1xx_HAL_Driver/Src/stm32f1xx_hal_rcc.o
 .debug_frame   0x0000000000001250     0x11b4 ./Drivers/STM32F1xx_HAL_Driver/Src/stm32f1xx_hal_tim.o
 .debug_frame   0x0000000000002404      0x638 ./Drivers/STM32F1xx_HAL_Driver/Src/stm32f1xx_hal_tim_ex.o
 .debug_frame   0x0000000000002a3c       0x2c d:/stm32cubeide_1.7.0/stm32cubeide/plugins/com.st.stm32cube.ide.mcu.externaltools.gnu-tools-for-stm32.9-2020-q2-update.win32_2.0.0.202105311346/tools/bin/../lib/gcc/arm-none-eabi/9.3.1/../../../../arm-none-eabi/lib/thumb/v7-m/nofp\libc_nano.a(lib_a-init.o)
 .debug_frame   0x0000000000002a68       0x20 d:/stm32cubeide_1.7.0/stm32cubeide/plugins/com.st.stm32cube.ide.mcu.externaltools.gnu-tools-for-stm32.9-2020-q2-update.win32_2.0.0.202105311346/tools/bin/../lib/gcc/arm-none-eabi/9.3.1/../../../../arm-none-eabi/lib/thumb/v7-m/nofp\libc_nano.a(lib_a-memset.o)
